Microchip MPLAB XC8 Compiler V1.45 ()

Linker command line:

--edf=C:\Program Files (x86)\Microchip\xc8\v1.45\dat\en_msgs.txt -cs \
  -h+dist/default/debug\KOLEK.X.debug.sym \
  --cmf=dist/default/debug\KOLEK.X.debug.cmf -z -Q18F46J50 \
  -oC:\Users\tpeea\AppData\Local\Temp\s41c.2 \
  -Mdist/default/debug/KOLEK.X.debug.map -E1 -ver=XC8 -ASTACK=038Ch-0ebfh \
  -pstack=STACK -ACODE=00h-0FFF7h -ACONST=00h-0FFF7h \
  -ASMALLCONST=0F00h-0FFFhx240,0FF00h-0FFF7h -AMEDIUMCONST=0F00h-0FFF7h \
  -ACOMRAM=01h-05Fh -AABS1=00h-0EBFh -ABIGRAM=01h-0EBFh \
  -ARAM=060h-0FFh,0100h-01FFhx13,0E00h-0EBFh -ABANK0=060h-0FFh \
  -ABANK1=0100h-01FFh -ABANK2=0200h-02FFh -ABANK3=0300h-03FFh \
  -ABANK4=0400h-04FFh -ABANK5=0500h-05FFh -ABANK6=0600h-06FFh \
  -ABANK7=0700h-07FFh -ABANK8=0800h-08FFh -ABANK9=0900h-09FFh \
  -ABANK10=0A00h-0AFFh -ABANK11=0B00h-0BFFh -ABANK12=0C00h-0CFFh \
  -ABANK13=0D00h-0DFFh -ABANK14=0E00h-0EBFh \
  -ASFR=0EC0h-0EFFh,0F00h-0F5Fh,0F60h-0FFCh \
  -preset_vec=00h,intcode=08h,intcodelo,powerup,init -pramtop=0F00h \
  -psmallconst=SMALLCONST -pmediumconst=MEDIUMCONST -pconst=CONST \
  -AFARRAM=00h-00h -ACONFIG=0FFF8h-0FFFFh -pconfig=CONFIG \
  -pjflash_buffer=0F800h \
  -prdata=COMRAM,nvrram=COMRAM,nvbit=COMRAM,rbss=COMRAM,rbit=COMRAM \
  -pfarbss=FARRAM,fardata=FARRAM,nvFARRAM=FARRAM \
  -pintsave_regs=BIGRAM,bigbss=BIGRAM,bigdata=BIGRAM -pbss=RAM \
  -pidata=CODE,irdata=CODE,ibigdata=CODE,ifardata=CODE -prparam=COMRAM \
  C:\Users\tpeea\AppData\Local\Temp\s41c.obj \
  dist/default/debug\KOLEK.X.debug.obj 

Object code version is 3.11

Machine type is 18F46J50

Call graph: (short form)




                Name                               Link     Load   Length Selector   Space Scale
C:\Users\tpeea\AppData\Local\Temp\s41c.obj
                init                                212      212        4        4       0
                reset_vec                             0        0        6        0       0
                config                             FFF8     FFF8        8     FFF8       0
dist/default/debug\KOLEK.X.debug.obj
                intcode                               8        8      20A        4       0
                temp                                 5D       5D        1        1       1
                smallconst                          F00      F00       F2      780       0
                text55                             4B1E     4B1E       56      7F9       0
                text54                             45CE     45CE       8C      7F9       0
                text53                             4204     4204       B4      7F9       0
                text52                             4E8E     4E8E       18      7F9       0
                text51                             4E5C     4E5C       1A      7F9       0
                text50                             4EF4     4EF4        A      7F9       0
                text49                             4B74     4B74       52      7F9       0
                text48                             4D9A     4D9A       2A      7F9       0
                text47                             4DC4     4DC4       28      7F9       0
                text45                             4D70     4D70       2A      7F9       0
                text44                             4E40     4E40       1C      7F9       0
                text43                             4F08     4F08        8     2784       0
                text42                             42B8     42B8       B0      7F9       0
                text41                             476A     476A       82      7F9       0
                text40                             4CA4     4CA4       3C      7F9       0
                text39                             4068     4068       DE      7F9       0
                text38                             4A6C     4A6C       5A      7F9       0
                text37                             4D42     4D42       2E      7F9       0
                text36                             44A8     44A8       94      7F9       0
                text35                             22DE     22DE      682      7F9       0
                text34                             4E24     4E24       1C      7F9       0
                text33                             4A12     4A12       5A      7F9       0
                text32                             4D12     4D12       30      7F9       0
                text31                             4C14     4C14       4C      7F9       0
                text30                             4EEA     4EEA        A      7F9       0
                text29                             49B8     49B8       5A      7F9       0
                text28                             4CE0     4CE0       32      7F9       0
                text27                             38DE     38DE      25A      7F9       0
                text26                             4954     4954       64      7F9       0
                text25                             3190     3190      3CA      7F9       0
                text24                             4412     4412       96      7F9       0
                text23                             4146     4146       BE      7F9       0
                text22                             2960     2960      456      7F9       0
                text21                             46E2     46E2       88      7F9       0
                text20                              FF2      FF2     12EC      7F9       0
                text19                             4ECC     4ECC       10      7F9       0
                text18                             4E08     4E08       1C      7F9       0
                text17                             3D8A     3D8A      1B6      7F9       0
                text16                             2DB6     2DB6      3DA      7F9       0
                text15                             3B38     3B38      252      7F9       0
                text14                             355A     355A      384      7F9       0
                text13                             4EA6     4EA6       16      7F9       0
                text12                             4C60     4C60       44      7F9       0
                text11                             3F40     3F40      128      7F9       0
                text10                             48DE     48DE       76      7F9       0
                text9                              4EDC     4EDC        E      7F9       0
                text8                              4BC6     4BC6       4E      7F9       0
                text7                              4EBC     4EBC       10      7F9       0
                text6                              4AC6     4AC6       58      7F9       0
                text5                              453C     453C       92      7F9       0
                text4                              4DEC     4DEC       1C      7F9       0
                text3                              47EC     47EC       7C      7F9       0
                text2                              465A     465A       88      7F9       0
                text1                              4E76     4E76       18      7F9       0
                text0                              4368     4368       AA      7F9       0
                cstackCOMRAM                          1        1       2E        1       1
                cstackBANK0                          60       60       9C       60       1
                cstackBANK1                         1E5      1E5       12      100       1
                bssBANK3                            300      300       8C      300       1
                bssBANK2                            200      200       E1      200       1
                dataBANK1                           1F7      1F7        9      100       1
                bssBANK1                            100      100       E5      100       1
                dataCOMRAM                           5B       5B        2        1       1
                bssCOMRAM                            2F       2F       2C        1       1
                cinit                              4868     4868       76      7F9       0
                idataBANK1                         4EFE     4EFE        9      7F9       0
                idataCOMRAM                        4F10     4F10        2     2784       0

TOTAL           Name                               Link     Load   Length     Space
        CLASS   STACK          

        CLASS   CODE           
                intcode                               8        8      20A         0
                init                                212      212        4         0
                reset_vec                             0        0        6         0
                text55                             4B1E     4B1E       56         0
                text54                             45CE     45CE       8C         0
                text53                             4204     4204       B4         0
                text52                             4E8E     4E8E       18         0
                text51                             4E5C     4E5C       1A         0
                text50                             4EF4     4EF4        A         0
                text49                             4B74     4B74       52         0
                text48                             4D9A     4D9A       2A         0
                text47                             4DC4     4DC4       28         0
                text45                             4D70     4D70       2A         0
                text44                             4E40     4E40       1C         0
                text43                             4F08     4F08        8         0
                text42                             42B8     42B8       B0         0
                text41                             476A     476A       82         0
                text40                             4CA4     4CA4       3C         0
                text39                             4068     4068       DE         0
                text38                             4A6C     4A6C       5A         0
                text37                             4D42     4D42       2E         0
                text36                             44A8     44A8       94         0
                text35                             22DE     22DE      682         0
                text34                             4E24     4E24       1C         0
                text33                             4A12     4A12       5A         0
                text32                             4D12     4D12       30         0
                text31                             4C14     4C14       4C         0
                text30                             4EEA     4EEA        A         0
                text29                             49B8     49B8       5A         0
                text28                             4CE0     4CE0       32         0
                text27                             38DE     38DE      25A         0
                text26                             4954     4954       64         0
                text25                             3190     3190      3CA         0
                text24                             4412     4412       96         0
                text23                             4146     4146       BE         0
                text22                             2960     2960      456         0
                text21                             46E2     46E2       88         0
                text20                              FF2      FF2     12EC         0
                text19                             4ECC     4ECC       10         0
                text18                             4E08     4E08       1C         0
                text17                             3D8A     3D8A      1B6         0
                text16                             2DB6     2DB6      3DA         0
                text15                             3B38     3B38      252         0
                text14                             355A     355A      384         0
                text13                             4EA6     4EA6       16         0
                text12                             4C60     4C60       44         0
                text11                             3F40     3F40      128         0
                text10                             48DE     48DE       76         0
                text9                              4EDC     4EDC        E         0
                text8                              4BC6     4BC6       4E         0
                text7                              4EBC     4EBC       10         0
                text6                              4AC6     4AC6       58         0
                text5                              453C     453C       92         0
                text4                              4DEC     4DEC       1C         0
                text3                              47EC     47EC       7C         0
                text2                              465A     465A       88         0
                text1                              4E76     4E76       18         0
                text0                              4368     4368       AA         0
                cinit                              4868     4868       76         0
                idataBANK1                         4EFE     4EFE        9         0
                idataCOMRAM                        4F10     4F10        2         0

        CLASS   CONST          

        CLASS   SMALLCONST     
                smallconst                          F00      F00       F2         0

        CLASS   MEDIUMCONST    

        CLASS   COMRAM         
                temp                                 5D       5D        1         1
                cstackCOMRAM                          1        1       2E         1
                dataCOMRAM                           5B       5B        2         1
                bssCOMRAM                            2F       2F       2C         1

        CLASS   ABS1           

        CLASS   BIGRAM         

        CLASS   RAM            

        CLASS   BANK0          
                cstackBANK0                          60       60       9C         1

        CLASS   BANK1          
                cstackBANK1                         1E5      1E5       12         1
                dataBANK1                           1F7      1F7        9         1
                bssBANK1                            100      100       E5         1

        CLASS   BANK2          
                bssBANK2                            200      200       E1         1

        CLASS   BANK3          
                bssBANK3                            300      300       8C         1

        CLASS   BANK4          

        CLASS   BANK5          

        CLASS   BANK6          

        CLASS   BANK7          

        CLASS   BANK8          

        CLASS   BANK9          

        CLASS   BANK10         

        CLASS   BANK11         

        CLASS   BANK12         

        CLASS   BANK13         

        CLASS   BANK14         

        CLASS   SFR            

        CLASS   FARRAM         

        CLASS   CONFIG         
                config                             FFF8     FFF8        8         0

        CLASS   IDLOC          



SEGMENTS        Name                           Load    Length   Top    Selector   Space  Class

                reset_vec                      000000  000006  000006         0       0  CODE    
                cstackCOMRAM                   000001  00005D  00005E         1       1  COMRAM  
                intcode                        000008  00020E  000216         4       0  CODE    
                cstackBANK0                    000060  00009C  0000FC        60       1  BANK0   
                bssBANK1                       000100  000100  000200       100       1  BANK1   
                bssBANK2                       000200  0000E1  0002E1       200       1  BANK2   
                bssBANK3                       000300  00008C  00038C       300       1  BANK3   
                smallconst                     000F00  0000F2  000FF2       780       0  SMALLCON
                text20                         000FF2  003F15  004F07       7F9       0  CODE    
                text43                         004F08  00000A  004F12      2784       0  CODE    
                config                         00FFF8  000008  010000      FFF8       0  CONFIG  


UNUSED ADDRESS RANGES

        Name                Unused          Largest block    Delta
        BANK0            000FC-000FF               4
        BANK10           00A00-00AFF             100
        BANK11           00B00-00BFF             100
        BANK12           00C00-00CFF             100
        BANK13           00D00-00DFF             100
        BANK14           00E00-00EBF              C0
        BANK2            002E1-002FF              1F
        BANK3            0038C-003FF              74
        BANK4            00400-004FF             100
        BANK5            00500-005FF             100
        BANK6            00600-006FF             100
        BANK7            00700-007FF             100
        BANK8            00800-008FF             100
        BANK9            00900-009FF             100
        BIGRAM           0005E-0005F               2
                         000FC-000FF               4
                         002E1-002FF              1F
                         0038C-00EBF             B34
        CODE             00006-00007               2
                         00216-00EFF             CEA
                         04F07-04F07               1
                         04F12-0FFF7            B0E6
        COMRAM           0005E-0005F               2
        CONST            00006-00007               2
                         00216-00EFF             CEA
                         04F07-04F07               1
                         04F12-0FFF7            B0E6
        MEDIUMCONST      04F07-04F07               1
                         04F12-0FFF7            B0E6
        RAM              000FC-000FF               4
                         002E1-002FF              1F
                         0038C-00EBF             100
        SFR              00EC0-00FFC              60
        SMALLCONST       04F07-04F07               1
                         04F12-0FFF7             100
        STACK            0038C-00EBF             B34

                                  Symbol Table

?_MiWi_TickGet                            cstackBANK0   00060
?___lmul                                  cstackBANK0   00060
?i2___lmul                                cstackCOMRAM  00001
AddNodeToNetworkTable@handle              cstackBANK0   00069
AddNodeToNetworkTable@i                   cstackBANK0   00068
BroadcastJitter@jitter                    cstackBANK0   0007B
BroadcastJitter@range                     cstackBANK0   0007A
BroadcastJitter@t1                        cstackBANK0   00072
BroadcastJitter@t2                        cstackBANK0   00076
DELAY_ms@cyclesRequiredForEntireDelay     cstackBANK0   0006E
DELAY_ms@ms                               cstackBANK0   0006C
I2CWrite@BufferLen                        cstackBANK0   00060
I2CWrite@Commandlen                       cstackBANK0   00061
InitMRF24J40@_dcnt                        cstackBANK0   0006B
InitMRF24J40@_dcnt_569                    cstackBANK0   0006F
InitMRF24J40@_ms                          cstackBANK0   00073
InitMRF24J40@_ms_570                      cstackBANK0   00077
InitMRF24J40@i                            cstackBANK0   0007D
InitMRF24J40@j                            cstackBANK0   0007B
MiApp_ConnectionMode@Mode                 cstackBANK0   00061
MiApp_EstablishConnection@ActiveScanIndex cstackBANK1   001F6
MiApp_EstablishConnection@Mode            cstackBANK0   000F9
MiApp_EstablishConnection@retry           cstackBANK1   001F5
MiApp_EstablishConnection@t1              cstackBANK1   001ED
MiApp_EstablishConnection@t2              cstackBANK1   001F1
MiApp_ProtocolInit@MIP                    cstackBANK0   00084
MiApp_ProtocolInit@bNetworkFreezer        cstackBANK0   00083
MiApp_ProtocolInit@i                      cstackBANK0   00087
MiApp_SearchConnection@ChannelMap         cstackBANK0   000D9
MiApp_SearchConnection@ScanDuration       cstackBANK0   000F6
MiApp_SearchConnection@backupChannel      cstackBANK0   000F7
MiApp_SearchConnection@channelMask        cstackBANK0   000EA
MiApp_SearchConnection@i                  cstackBANK0   000F8
MiApp_SearchConnection@t1                 cstackBANK0   000EE
MiApp_SearchConnection@t2                 cstackBANK0   000F2
MiApp_SetChannel@channel                  cstackBANK0   0006A
MiApp_StartConnection@ChannelMap          cstackBANK0   0006A
MiApp_StartConnection@Mode                cstackBANK0   0006F
MiApp_StartConnection@ScanDuration        cstackBANK0   00069
MiApp_UnicastAddress@DestAddress          cstackBANK0   000D9
MiApp_UnicastAddress@MiWiFrameControl     cstackBANK0   000F5
MiApp_UnicastAddress@PermanentAddr        cstackBANK0   000DB
MiApp_UnicastAddress@SecEn                cstackBANK0   000DC
MiApp_UnicastAddress@handle               cstackBANK0   000F7
MiApp_UnicastAddress@i                    cstackBANK0   000F6
MiApp_UnicastAddress@t1                   cstackBANK0   000E5
MiApp_UnicastAddress@t1_1602              cstackBANK0   000ED
MiApp_UnicastAddress@t2                   cstackBANK0   000E9
MiApp_UnicastAddress@t2_1613              cstackBANK0   000F1
MiMAC_Init@i                              cstackBANK0   00081
MiMAC_Init@initValue                      cstackBANK0   0007E
MiMAC_ReceivedPacket@addrMode             cstackBANK0   00066
MiMAC_ReceivedPacket@bIntraPAN            cstackBANK0   00068
MiMAC_ReceivedPacket@i                    cstackBANK0   00067
MiMAC_SendPacket@IntraPAN                 cstackBANK0   00098
MiMAC_SendPacket@MACPayload               cstackBANK0   00085
MiMAC_SendPacket@MACPayloadLen            cstackBANK0   00087
MiMAC_SendPacket@frameControl             cstackBANK0   00099
MiMAC_SendPacket@headerLength             cstackBANK0   0009A
MiMAC_SendPacket@i                        cstackBANK0   0009B
MiMAC_SendPacket@loc                      cstackBANK0   0009C
MiMAC_SendPacket@t1                       cstackBANK0   00090
MiMAC_SendPacket@t2                       cstackBANK0   00094
MiMAC_SendPacket@transParam               cstackBANK0   0007E
MiMAC_SetAltAddress@Address               cstackBANK0   00065
MiMAC_SetAltAddress@PANID                 cstackBANK0   00067
MiMAC_SetChannel@channel                  cstackBANK0   00069
MiMAC_SetChannel@offsetFreq               cstackBANK0   00068
MiWiTasks@CapacityByte                    cstackBANK0   000CB
MiWiTasks@CoordAddress                    cstackBANK0   000BC
MiWiTasks@associateStatus                 cstackBANK0   000C0
MiWiTasks@cIndex                          cstackBANK0   000C8
MiWiTasks@coordinatorNumber               cstackBANK0   000C5
MiWiTasks@destPANID                       cstackBANK0   000CD
MiWiTasks@destShortAddress                cstackBANK0   000D0
MiWiTasks@entry                           cstackBANK0   000BF
MiWiTasks@handle                          cstackBANK0   000D4
MiWiTasks@i                               cstackBANK0   000D8
MiWiTasks@j                               cstackBANK0   000D7
MiWiTasks@j_1276                          cstackBANK0   000CC
MiWiTasks@j_1345                          cstackBANK0   000CF
MiWiTasks@j_1356                          cstackBANK0   000C6
MiWiTasks@j_1363                          cstackBANK0   000C9
MiWiTasks@mask                            cstackBANK0   000BE
MiWiTasks@rxIndex                         cstackBANK0   000CA
MiWiTasks@sourcePANID                     cstackBANK0   000D2
MiWiTasks@sourceShortAddress              cstackBANK0   000D5
MiWiTasks@t1                              cstackBANK0   000C1
MiWiTasks@t2                              cstackBANK0   000B8
MiWi_TickGet@currentTime                  cstackBANK0   00066
MiWi_TickGet@failureCounter               cstackBANK0   00065
OpenSocket@i                              cstackBANK0   000F8
PHYGetLongRAMAddr@address                 cstackBANK0   00062
PHYGetLongRAMAddr@tmpRFIE                 cstackBANK0   00067
PHYGetLongRAMAddr@toReturn                cstackBANK0   00066
PHYGetShortRAMAddr@address                cstackBANK0   00062
PHYGetShortRAMAddr@tmpRFIE                cstackBANK0   00064
PHYGetShortRAMAddr@toReturn               cstackBANK0   00063
PHYSetLongRAMAddr@address                 cstackBANK0   00062
PHYSetLongRAMAddr@tmpRFIE                 cstackBANK0   00067
PHYSetLongRAMAddr@value                   cstackBANK0   00064
PHYSetShortRAMAddr@address                cstackBANK0   00063
PHYSetShortRAMAddr@tmpRFIE                cstackBANK0   00064
PHYSetShortRAMAddr@value                  cstackBANK0   00062
RouteMessage@PANID                        cstackBANK0   000A4
RouteMessage@SecEn                        cstackBANK0   000A8
RouteMessage@ShortAddress                 cstackBANK0   000A6
RouteMessage@i                            cstackBANK0   000AD
RouteMessage@parentNode                   cstackBANK0   000AC
SPIPut@i                                  cstackBANK0   00060
SPIPut@v                                  cstackBANK0   00061
SearchForLongAddress@i                    cstackBANK0   00065
SearchForLongAddress@j                    cstackBANK0   00064
SearchForShortAddress@i                   cstackBANK0   00062
SendMACPacket@Address                     cstackBANK0   0009F
SendMACPacket@ModeMask                    cstackBANK0   000A2
SendMACPacket@PANID                       cstackBANK0   0009D
SendMACPacket@PacketType                  cstackBANK0   000A1
UnicastShortAddress@DestAddress           cstackBANK0   000AE
_ANCON0                                   (abs)         00F48
_ANCON1                                   (abs)         00F49
_AcknowledgementAddr                      bssBANK1      00131
_AcknowledgementSeq                       dataBANK1     001F7
_ActiveScanResultIndex                    bssCOMRAM     0004C
_ActiveScanResults                        bssBANK3      00300
_AddNodeToNetworkTable                    text39        04068
_BAUDCON1bits                             (abs)         00F7E
_BankIndex                                dataCOMRAM    0005C
_BroadcastJitter                          text36        044A8
_BroadcastRecords                         bssBANK2      00200
_CommandLen                               bssBANK1      00135
_CommandPtr                               bssCOMRAM     00044
_ConnMode                                 bssCOMRAM     0004D
_ConnectionTable                          bssBANK1      0013B
_DELAY_ms                                 text5         0453C
_EECON2                                   (abs)         00FA7
_I2CTask                                  text53        04204
_I2CWrite                                 text4         04DEC
_IEEESeqNum                               bssBANK1      00139
_INTCON                                   (abs)         00FF2
_INTCON2bits                              (abs)         00FF1
_INTCON3bits                              (abs)         00FF0
_INTCONbits                               (abs)         00FF2
_InitMRF24J40                             text27        038DE
_InitSymbolTimer                          text13        04EA6
_LATA                                     (abs)         00F89
_LATB                                     (abs)         00F8A
_LATBbits                                 (abs)         00F8A
_LATCbits                                 (abs)         00F8B
_LATD                                     (abs)         00F8C
_LATDbits                                 (abs)         00F8C
_LATE                                     (abs)         00F8D
_LCDCommand                               bssBANK1      00122
_LCDText                                  bssBANK2      002C0
_LCD_Initialize                           text3         047EC
_MACCurrentChannel                        bssBANK1      00138
_MACInitParams                            bssBANK1      0012E
_MACRxPacket                              bssCOMRAM     0002F
_MAC_PANID                                bssCOMRAM     00058
_MRF24J40Status                           bssCOMRAM     0004E
_MTP                                      bssCOMRAM     0003A
_MiApp_ConnectionMode                     text45        04D70
_MiApp_DiscardMessage                     text43        04F08
_MiApp_EstablishConnection                text14        0355A
_MiApp_MessageAvailable                   text19        04ECC
_MiApp_ProtocolInit                       text11        03F40
_MiApp_SearchConnection                   text17        03D8A
_MiApp_SetChannel                         text18        04E08
_MiApp_StartConnection                    text10        048DE
_MiApp_UnicastAddress                     text16        02DB6
_MiMAC_DiscardPacket                      text44        04E40
_MiMAC_Init                               text12        04C60
_MiMAC_ReceivedPacket                     text35        022DE
_MiMAC_SendPacket                         text25        03190
_MiMAC_SetAltAddress                      text26        04954
_MiMAC_SetChannel                         text31        04C14
_MiWiAckRequired                          bssCOMRAM     00047
_MiWiCapacityInfo                         bssBANK1      00137
_MiWiSeqNum                               bssCOMRAM     00048
_MiWiStateMachine                         bssCOMRAM     00041
_MiWiTasks                                text20        00FF2
_MiWi_TickGet                             text38        04A6C
_OSCCON                                   (abs)         00FD3
_OSCTUNEbits                              (abs)         00F9B
_OpenSocket                               text15        03B38
_PHYGetLongRAMAddr                        text29        049B8
_PHYGetShortRAMAddr                       text28        04CE0
_PHYSetLongRAMAddr                        text33        04A12
_PHYSetShortRAMAddr                       text32        04D12
_PIE1bits                                 (abs)         00F9D
_PIE3bits                                 (abs)         00FA3
_PIR1bits                                 (abs)         00F9E
_PIR3bits                                 (abs)         00FA4
_PORTBbits                                (abs)         00F81
_PPSCONbits                               (abs)         00EFF
_RCREG2                                   (abs)         00FAA
_RCSTA2                                   (abs)         00F9C
_RCSTA2bits                               (abs)         00F9C
_RPINR1                                   (abs)         00EE7
_RPINR16                                  (abs)         00EF6
_RPOR17                                   (abs)         00ED7
_ResetScreen                              text7         04EBC
_RouteMessage                             text22        02960
_RouterFailures                           bssBANK1      0010A
_RoutingTable                             bssBANK1      00112
_RxBuffer                                 bssBANK2      00220
_SPBRG2                                   (abs)         00FAB
_SPBRGH2                                  (abs)         00F7D
_SPIGet                                   text30        04EEA
_SPIPut                                   text34        04E24
_SSP1BUF                                  (abs)         00FC9
_SSP1CON1                                 (abs)         00FC6
_SSP1CON1bits                             (abs)         00FC6
_SSP1STAT                                 (abs)         00FC7
_SSP2ADD                                  (abs)         00F74
_SSP2BUF                                  (abs)         00F75
_SSP2CON1                                 (abs)         00F72
_SSP2CON1bits                             (abs)         00F72
_SSP2CON2                                 (abs)         00F71
_SSP2CON2bits                             (abs)         00F71
_SSP2STAT                                 (abs)         00F73
_SYSTEM_Initialize                        text2         0465A
_ScanTime                                 smallconst    00F01
_SearchForLongAddress                     text42        042B8
_SearchForShortAddress                    text41        0476A
_SendBeacon                               text23        04146
_SendMACPacket                            text24        04412
_T1CON                                    (abs)         00FCD
_T1CONbits                                (abs)         00FCD
_TMR0L                                    (abs)         00FD6
_TMR1H                                    (abs)         00FCF
_TMR1L                                    (abs)         00FCE
_TRISA                                    (abs)         00F92
_TRISAbits                                (abs)         00F92
_TRISB                                    (abs)         00F93
_TRISBbits                                (abs)         00F93
_TRISC                                    (abs)         00F94
_TRISCbits                                (abs)         00F94
_TRISD                                    (abs)         00F95
_TRISDbits                                (abs)         00F95
_TRISE                                    (abs)         00F96
_TXREG2                                   (abs)         00FA9
_TXSTA2                                   (abs)         00FA8
_TXSTA2bits                               (abs)         00FA8
_TextLen                                  bssCOMRAM     00045
_TextPtr                                  bssCOMRAM     00043
_TxBuffer                                 bssBANK1      00196
_TxData                                   bssCOMRAM     0004A
_UnicastShortAddress                      text21        046E2
_UserInterruptHandler                     text52        04E8E
_WDTCONbits                               (abs)         00FC0
__CFG_CPUDIV$OSC3_PLL3                    (abs)         00000
__CFG_OSC$HSPLL                           (abs)         00000
__CFG_PLLDIV$2                            (abs)         00000
__CFG_WDTEN$OFF                           (abs)         00000
__CFG_XINST$OFF                           (abs)         00000
__HRAM                                    (abs)         00000
__Habs1                                   abs1          00000
__Hbank0                                  bank0         00000
__Hbank1                                  bank1         00000
__Hbank10                                 bank10        00000
__Hbank11                                 bank11        00000
__Hbank12                                 bank12        00000
__Hbank13                                 bank13        00000
__Hbank14                                 bank14        00000
__Hbank2                                  bank2         00000
__Hbank3                                  bank3         00000
__Hbank4                                  bank4         00000
__Hbank5                                  bank5         00000
__Hbank6                                  bank6         00000
__Hbank7                                  bank7         00000
__Hbank8                                  bank8         00000
__Hbank9                                  bank9         00000
__Hbigbss                                 bigbss        00000
__Hbigdata                                bigdata       00000
__Hbigram                                 bigram        00000
__Hbss                                    bss           00000
__HbssBANK1                               bssBANK1      00000
__HbssBANK2                               bssBANK2      00000
__HbssBANK3                               bssBANK3      00000
__HbssCOMRAM                              bssCOMRAM     00000
__Hcinit                                  cinit         00000
__Hclrtext                                clrtext       00000
__Hcomram                                 comram        00000
__Hconfig                                 config        10000
__Hconst                                  const         00000
__HcstackBANK0                            cstackBANK0   00000
__HcstackBANK1                            cstackBANK1   00000
__HcstackCOMRAM                           cstackCOMRAM  00000
__Hdata                                   data          00000
__HdataBANK1                              dataBANK1     00000
__HdataCOMRAM                             dataCOMRAM    00000
__Hfarbss                                 farbss        00000
__Hfardata                                fardata       00000
__Hibigdata                               ibigdata      00000
__Hidata                                  idata         00000
__HidataBANK1                             idataBANK1    00000
__HidataCOMRAM                            idataCOMRAM   00000
__Hidloc                                  idloc         00000
__Hifardata                               ifardata      00000
__Hinit                                   init          00216
__Hintcode                                intcode       00212
__Hintcode_body                           intcode_body  00000
__Hintcodelo                              intcodelo     00212
__Hintentry                               intentry      00000
__Hintret                                 intret        00000
__Hintsave_regs                           intsave_regs  00000
__Hirdata                                 irdata        00000
__Hjflash_buffer                          jflash_buffer 0F800
__Hmediumconst                            mediumconst   00000
__HnvFARRAM                               nvFARRAM      00000
__Hnvbit                                  nvbit         00000
__Hnvrram                                 nvrram        00000
__Hparam                                  rparam        00000
__Hpowerup                                powerup       00212
__Hram                                    ram           00000
__Hramtop                                 ramtop        00F00
__Hrbit                                   rbit          00000
__Hrbss                                   rbss          00000
__Hrdata                                  rdata         00000
__Hreset_vec                              reset_vec     00006
__Hrparam                                 rparam        00000
__Hsfr                                    sfr           00000
__Hsmallconst                             smallconst    00FF2
__Hspace_0                                (abs)         10000
__Hspace_1                                (abs)         0038C
__Hspace_2                                (abs)         00000
__Hstack                                  stack         00000
__Hstruct                                 struct        00000
__Htemp                                   temp          0005E
__Htext                                   text          00000
__Htext0                                  text0         00000
__Htext1                                  text1         00000
__Htext10                                 text10        00000
__Htext11                                 text11        00000
__Htext12                                 text12        00000
__Htext13                                 text13        00000
__Htext14                                 text14        00000
__Htext15                                 text15        00000
__Htext16                                 text16        00000
__Htext17                                 text17        00000
__Htext18                                 text18        00000
__Htext19                                 text19        00000
__Htext2                                  text2         00000
__Htext20                                 text20        00000
__Htext21                                 text21        00000
__Htext22                                 text22        00000
__Htext23                                 text23        00000
__Htext24                                 text24        00000
__Htext25                                 text25        00000
__Htext26                                 text26        00000
__Htext27                                 text27        00000
__Htext28                                 text28        00000
__Htext29                                 text29        00000
__Htext3                                  text3         00000
__Htext30                                 text30        00000
__Htext31                                 text31        00000
__Htext32                                 text32        00000
__Htext33                                 text33        00000
__Htext34                                 text34        00000
__Htext35                                 text35        00000
__Htext36                                 text36        00000
__Htext37                                 text37        00000
__Htext38                                 text38        00000
__Htext39                                 text39        00000
__Htext4                                  text4         00000
__Htext40                                 text40        00000
__Htext41                                 text41        00000
__Htext42                                 text42        00000
__Htext43                                 text43        00000
__Htext44                                 text44        00000
__Htext45                                 text45        00000
__Htext47                                 text47        00000
__Htext48                                 text48        00000
__Htext49                                 text49        00000
__Htext5                                  text5         00000
__Htext50                                 text50        00000
__Htext51                                 text51        00000
__Htext52                                 text52        00000
__Htext53                                 text53        00000
__Htext54                                 text54        00000
__Htext55                                 text55        00000
__Htext6                                  text6         00000
__Htext7                                  text7         00000
__Htext8                                  text8         00000
__Htext9                                  text9         00000
__LRAM                                    (abs)         00001
__Labs1                                   abs1          00000
__Lbank0                                  bank0         00000
__Lbank1                                  bank1         00000
__Lbank10                                 bank10        00000
__Lbank11                                 bank11        00000
__Lbank12                                 bank12        00000
__Lbank13                                 bank13        00000
__Lbank14                                 bank14        00000
__Lbank2                                  bank2         00000
__Lbank3                                  bank3         00000
__Lbank4                                  bank4         00000
__Lbank5                                  bank5         00000
__Lbank6                                  bank6         00000
__Lbank7                                  bank7         00000
__Lbank8                                  bank8         00000
__Lbank9                                  bank9         00000
__Lbigbss                                 bigbss        00000
__Lbigdata                                bigdata       00000
__Lbigram                                 bigram        00000
__Lbss                                    bss           00000
__LbssBANK1                               bssBANK1      00000
__LbssBANK2                               bssBANK2      00000
__LbssBANK3                               bssBANK3      00000
__LbssCOMRAM                              bssCOMRAM     00000
__Lcinit                                  cinit         00000
__Lclrtext                                clrtext       00000
__Lcomram                                 comram        00000
__Lconfig                                 config        0FFF8
__Lconst                                  const         00000
__LcstackBANK0                            cstackBANK0   00000
__LcstackBANK1                            cstackBANK1   00000
__LcstackCOMRAM                           cstackCOMRAM  00000
__Ldata                                   data          00000
__LdataBANK1                              dataBANK1     00000
__LdataCOMRAM                             dataCOMRAM    00000
__Lfarbss                                 farbss        00000
__Lfardata                                fardata       00000
__Libigdata                               ibigdata      00000
__Lidata                                  idata         00000
__LidataBANK1                             idataBANK1    00000
__LidataCOMRAM                            idataCOMRAM   00000
__Lidloc                                  idloc         00000
__Lifardata                               ifardata      00000
__Linit                                   init          00212
__Lintcode                                intcode       00008
__Lintcode_body                           intcode_body  00000
__Lintcodelo                              intcodelo     00212
__Lintentry                               intentry      00000
__Lintret                                 intret        00000
__Lintsave_regs                           intsave_regs  00000
__Lirdata                                 irdata        00000
__Ljflash_buffer                          jflash_buffer 0F800
__Lmediumconst                            mediumconst   00000
__LnvFARRAM                               nvFARRAM      00000
__Lnvbit                                  nvbit         00000
__Lnvrram                                 nvrram        00000
__Lparam                                  rparam        00000
__Lpowerup                                powerup       00212
__Lram                                    ram           00000
__Lramtop                                 ramtop        00F00
__Lrbit                                   rbit          00000
__Lrbss                                   rbss          00000
__Lrdata                                  rdata         00000
__Lreset_vec                              reset_vec     00000
__Lrparam                                 rparam        00000
__Lsfr                                    sfr           00000
__Lsmallconst                             smallconst    00F00
__Lspace_0                                (abs)         00000
__Lspace_1                                (abs)         00000
__Lspace_2                                (abs)         00000
__Lstack                                  stack         00000
__Lstruct                                 struct        00000
__Ltemp                                   temp          0005D
__Ltext                                   text          00000
__Ltext0                                  text0         00000
__Ltext1                                  text1         00000
__Ltext10                                 text10        00000
__Ltext11                                 text11        00000
__Ltext12                                 text12        00000
__Ltext13                                 text13        00000
__Ltext14                                 text14        00000
__Ltext15                                 text15        00000
__Ltext16                                 text16        00000
__Ltext17                                 text17        00000
__Ltext18                                 text18        00000
__Ltext19                                 text19        00000
__Ltext2                                  text2         00000
__Ltext20                                 text20        00000
__Ltext21                                 text21        00000
__Ltext22                                 text22        00000
__Ltext23                                 text23        00000
__Ltext24                                 text24        00000
__Ltext25                                 text25        00000
__Ltext26                                 text26        00000
__Ltext27                                 text27        00000
__Ltext28                                 text28        00000
__Ltext29                                 text29        00000
__Ltext3                                  text3         00000
__Ltext30                                 text30        00000
__Ltext31                                 text31        00000
__Ltext32                                 text32        00000
__Ltext33                                 text33        00000
__Ltext34                                 text34        00000
__Ltext35                                 text35        00000
__Ltext36                                 text36        00000
__Ltext37                                 text37        00000
__Ltext38                                 text38        00000
__Ltext39                                 text39        00000
__Ltext4                                  text4         00000
__Ltext40                                 text40        00000
__Ltext41                                 text41        00000
__Ltext42                                 text42        00000
__Ltext43                                 text43        00000
__Ltext44                                 text44        00000
__Ltext45                                 text45        00000
__Ltext47                                 text47        00000
__Ltext48                                 text48        00000
__Ltext49                                 text49        00000
__Ltext5                                  text5         00000
__Ltext50                                 text50        00000
__Ltext51                                 text51        00000
__Ltext52                                 text52        00000
__Ltext53                                 text53        00000
__Ltext54                                 text54        00000
__Ltext55                                 text55        00000
__Ltext6                                  text6         00000
__Ltext7                                  text7         00000
__Ltext8                                  text8         00000
__Ltext9                                  text9         00000
__S0                                      (abs)         10000
__S1                                      (abs)         0038C
__S2                                      (abs)         00000
___inthi_sp                               stack         00000
___intlo_sp                               stack         00000
___lbmod                                  text37        04D42
___lbmod@counter                          cstackBANK0   00062
___lbmod@dividend                         cstackBANK0   00061
___lbmod@divisor                          cstackBANK0   00060
___lbmod@rem                              cstackBANK0   00063
___lmul                                   text6         04AC6
___lmul@multiplicand                      cstackBANK0   00064
___lmul@multiplier                        cstackBANK0   00060
___lmul@product                           cstackBANK0   00068
___param_bank                             (abs)         00000
___rparam_used                            (abs)         00001
___sp                                     stack         00000
__accesstop                               (abs)         00060
__activetblptr                            (abs)         00002
__end_of_AddNodeToNetworkTable            text39        04146
__end_of_BroadcastJitter                  text36        0453C
__end_of_DELAY_ms                         text5         045CE
__end_of_I2CTask                          text53        042B8
__end_of_I2CWrite                         text4         04E08
__end_of_InitMRF24J40                     text27        03B38
__end_of_InitSymbolTimer                  text13        04EBC
__end_of_LCD_Initialize                   text3         04868
__end_of_MiApp_ConnectionMode             text45        04D9A
__end_of_MiApp_DiscardMessage             text43        04F10
__end_of_MiApp_EstablishConnection        text14        038DE
__end_of_MiApp_MessageAvailable           text19        04EDC
__end_of_MiApp_ProtocolInit               text11        04068
__end_of_MiApp_SearchConnection           text17        03F40
__end_of_MiApp_SetChannel                 text18        04E24
__end_of_MiApp_StartConnection            text10        04954
__end_of_MiApp_UnicastAddress             text16        03190
__end_of_MiMAC_DiscardPacket              text44        04E5C
__end_of_MiMAC_Init                       text12        04CA4
__end_of_MiMAC_ReceivedPacket             text35        02960
__end_of_MiMAC_SendPacket                 text25        0355A
__end_of_MiMAC_SetAltAddress              text26        049B8
__end_of_MiMAC_SetChannel                 text31        04C60
__end_of_MiWiTasks                        text20        022DE
__end_of_MiWi_TickGet                     text38        04AC6
__end_of_OpenSocket                       text15        03D8A
__end_of_PHYGetLongRAMAddr                text29        04A12
__end_of_PHYGetShortRAMAddr               text28        04D12
__end_of_PHYSetLongRAMAddr                text33        04A6C
__end_of_PHYSetShortRAMAddr               text32        04D42
__end_of_ResetScreen                      text7         04ECC
__end_of_RouteMessage                     text22        02DB6
__end_of_SPIGet                           text30        04EF4
__end_of_SPIPut                           text34        04E40
__end_of_SYSTEM_Initialize                text2         046E2
__end_of_ScanTime                         smallconst    00F3D
__end_of_SearchForLongAddress             text42        04368
__end_of_SearchForShortAddress            text41        047EC
__end_of_SendBeacon                       text23        04204
__end_of_SendMACPacket                    text24        044A8
__end_of_UnicastShortAddress              text21        0476A
__end_of_UserInterruptHandler             text52        04EA6
__end_of___lbmod                          text37        04D70
__end_of___lmul                           text6         04B1E
__end_of__initialization                  cinit         048D0
__end_of__uartPrint                       text8         04C14
__end_of_dpowers                          smallconst    00F53
__end_of_findNextNetworkEntry             text40        04CE0
__end_of_hexpowers                        smallconst    00F5B
__end_of_high_isr                         intcode       00212
__end_of_main                             text0         04412
__end_of_octpowers                        smallconst    00F49
__end_of_uartInitialize                   text1         04E8E
__end_of_uartWrite                        text9         04EEA
__end_ofi2_DELAY_ms                       text54        0465A
__end_ofi2_PHYGetLongRAMAddr              text49        04BC6
__end_ofi2_PHYGetShortRAMAddr             text48        04DC4
__end_ofi2_PHYSetShortRAMAddr             text47        04DEC
__end_ofi2_SPIGet                         text50        04EFE
__end_ofi2_SPIPut                         text51        04E76
__end_ofi2___lmul                         text55        04B74
__initialization                          cinit         04868
__mediumconst                             mediumconst   00000
__pbssBANK1                               bssBANK1      00100
__pbssBANK2                               bssBANK2      00200
__pbssBANK3                               bssBANK3      00300
__pbssCOMRAM                              bssCOMRAM     0002F
__pcinit                                  cinit         04868
__pcstackBANK0                            cstackBANK0   00060
__pcstackBANK1                            cstackBANK1   001E5
__pcstackCOMRAM                           cstackCOMRAM  00001
__pdataBANK1                              dataBANK1     001F7
__pdataCOMRAM                             dataCOMRAM    0005B
__pidataBANK1                             idataBANK1    04EFE
__pidataCOMRAM                            idataCOMRAM   04F10
__pintcode                                intcode       00008
__psmallconst                             smallconst    00F00
__ptext0                                  text0         04368
__ptext1                                  text1         04E76
__ptext10                                 text10        048DE
__ptext11                                 text11        03F40
__ptext12                                 text12        04C60
__ptext13                                 text13        04EA6
__ptext14                                 text14        0355A
__ptext15                                 text15        03B38
__ptext16                                 text16        02DB6
__ptext17                                 text17        03D8A
__ptext18                                 text18        04E08
__ptext19                                 text19        04ECC
__ptext2                                  text2         0465A
__ptext20                                 text20        00FF2
__ptext21                                 text21        046E2
__ptext22                                 text22        02960
__ptext23                                 text23        04146
__ptext24                                 text24        04412
__ptext25                                 text25        03190
__ptext26                                 text26        04954
__ptext27                                 text27        038DE
__ptext28                                 text28        04CE0
__ptext29                                 text29        049B8
__ptext3                                  text3         047EC
__ptext30                                 text30        04EEA
__ptext31                                 text31        04C14
__ptext32                                 text32        04D12
__ptext33                                 text33        04A12
__ptext34                                 text34        04E24
__ptext35                                 text35        022DE
__ptext36                                 text36        044A8
__ptext37                                 text37        04D42
__ptext38                                 text38        04A6C
__ptext39                                 text39        04068
__ptext4                                  text4         04DEC
__ptext40                                 text40        04CA4
__ptext41                                 text41        0476A
__ptext42                                 text42        042B8
__ptext43                                 text43        04F08
__ptext44                                 text44        04E40
__ptext45                                 text45        04D70
__ptext47                                 text47        04DC4
__ptext48                                 text48        04D9A
__ptext49                                 text49        04B74
__ptext5                                  text5         0453C
__ptext50                                 text50        04EF4
__ptext51                                 text51        04E5C
__ptext52                                 text52        04E8E
__ptext53                                 text53        04204
__ptext54                                 text54        045CE
__ptext55                                 text55        04B1E
__ptext6                                  text6         04AC6
__ptext7                                  text7         04EBC
__ptext8                                  text8         04BC6
__ptext9                                  text9         04EDC
__ramtop                                  ramtop        00F00
__size_of_AddNodeToNetworkTable           (abs)         00000
__size_of_BroadcastJitter                 (abs)         00000
__size_of_DELAY_ms                        (abs)         00000
__size_of_I2CTask                         (abs)         00000
__size_of_I2CWrite                        (abs)         00000
__size_of_InitMRF24J40                    (abs)         00000
__size_of_InitSymbolTimer                 (abs)         00000
__size_of_LCD_Initialize                  (abs)         00000
__size_of_MiApp_ConnectionMode            (abs)         00000
__size_of_MiApp_DiscardMessage            (abs)         00000
__size_of_MiApp_EstablishConnection       (abs)         00000
__size_of_MiApp_MessageAvailable          (abs)         00000
__size_of_MiApp_ProtocolInit              (abs)         00000
__size_of_MiApp_SearchConnection          (abs)         00000
__size_of_MiApp_SetChannel                (abs)         00000
__size_of_MiApp_StartConnection           (abs)         00000
__size_of_MiApp_UnicastAddress            (abs)         00000
__size_of_MiMAC_DiscardPacket             (abs)         00000
__size_of_MiMAC_Init                      (abs)         00000
__size_of_MiMAC_ReceivedPacket            (abs)         00000
__size_of_MiMAC_SendPacket                (abs)         00000
__size_of_MiMAC_SetAltAddress             (abs)         00000
__size_of_MiMAC_SetChannel                (abs)         00000
__size_of_MiWiTasks                       (abs)         00000
__size_of_MiWi_TickGet                    (abs)         00000
__size_of_OpenSocket                      (abs)         00000
__size_of_PHYGetLongRAMAddr               (abs)         00000
__size_of_PHYGetShortRAMAddr              (abs)         00000
__size_of_PHYSetLongRAMAddr               (abs)         00000
__size_of_PHYSetShortRAMAddr              (abs)         00000
__size_of_ResetScreen                     (abs)         00000
__size_of_RouteMessage                    (abs)         00000
__size_of_SPIGet                          (abs)         00000
__size_of_SPIPut                          (abs)         00000
__size_of_SYSTEM_Initialize               (abs)         00000
__size_of_SearchForLongAddress            (abs)         00000
__size_of_SearchForShortAddress           (abs)         00000
__size_of_SendBeacon                      (abs)         00000
__size_of_SendMACPacket                   (abs)         00000
__size_of_UnicastShortAddress             (abs)         00000
__size_of_UserInterruptHandler            (abs)         00000
__size_of___lbmod                         (abs)         00000
__size_of___lmul                          (abs)         00000
__size_of__uartPrint                      (abs)         00000
__size_of_findNextNetworkEntry            (abs)         00000
__size_of_high_isr                        (abs)         00000
__size_of_main                            (abs)         00000
__size_of_uartInitialize                  (abs)         00000
__size_of_uartWrite                       (abs)         00000
__size_ofi2_DELAY_ms                      (abs)         00000
__size_ofi2_PHYGetLongRAMAddr             (abs)         00000
__size_ofi2_PHYGetShortRAMAddr            (abs)         00000
__size_ofi2_PHYSetShortRAMAddr            (abs)         00000
__size_ofi2_SPIGet                        (abs)         00000
__size_ofi2_SPIPut                        (abs)         00000
__size_ofi2___lmul                        (abs)         00000
__smallconst                              smallconst    00F00
__uartPrint                               text8         04BC6
__uartPrint@i                             cstackBANK0   00065
__uartPrint@str                           cstackBANK0   00061
_currentChannel                           bssCOMRAM     0005A
_defaultHops                              dataCOMRAM    0005B
_dpowers                                  smallconst    00F49
_failureCounter                           bssBANK1      00133
_findNextNetworkEntry                     text40        04CA4
_hexpowers                                smallconst    00F53
_high_isr                                 intcode       00008
_knownCoordinators                        bssBANK1      00136
_main                                     text0         04368
_myLongAddress                            dataBANK1     001F8
_myNetworkAddress                         bssCOMRAM     00056
_myPANID                                  bssCOMRAM     00050
_myParent                                 bssCOMRAM     00049
_myShortAddress                           bssCOMRAM     00052
_octpowers                                smallconst    00F3D
_openSocketInfo                           bssBANK1      001C9
_role                                     bssCOMRAM     00046
_rxMessage                                bssBANK1      00100
_switch0PressTime                         bssBANK1      0012A
_switch1PressTime                         bssBANK1      00126
_tempLongAddress                          bssBANK1      0011A
_tempNodeStatus                           bssCOMRAM     0004B
_tempPANID                                bssBANK1      001E3
_tempShortAddress                         bssCOMRAM     00054
_timerExtension1                          bssCOMRAM     0004F
_timerExtension2                          bssBANK1      0013A
_uartInitialize                           text1         04E76
_uartWrite                                text9         04EDC
btemp                                     temp          0005D
end_of_initialization                     cinit         048D0
findNextNetworkEntry@i                    cstackBANK0   00060
high_isr@RxBank                           cstackCOMRAM  0002D
high_isr@flags                            cstackCOMRAM  0002B
high_isr@i                                cstackCOMRAM  0002E
high_isr@results                          cstackCOMRAM  0002A
i2DELAY_ms@cyclesRequiredForEntireDelay   cstackCOMRAM  0000F
i2DELAY_ms@ms                             cstackCOMRAM  0000D
i2PHYGetLongRAMAddr@address               cstackCOMRAM  00003
i2PHYGetLongRAMAddr@tmpRFIE               cstackCOMRAM  00008
i2PHYGetLongRAMAddr@toReturn              cstackCOMRAM  00007
i2PHYGetShortRAMAddr@address              cstackCOMRAM  00003
i2PHYGetShortRAMAddr@tmpRFIE              cstackCOMRAM  00005
i2PHYGetShortRAMAddr@toReturn             cstackCOMRAM  00004
i2PHYSetShortRAMAddr@address              cstackCOMRAM  00004
i2PHYSetShortRAMAddr@tmpRFIE              cstackCOMRAM  00005
i2PHYSetShortRAMAddr@value                cstackCOMRAM  00003
i2SPIPut@i                                cstackCOMRAM  00001
i2SPIPut@v                                cstackCOMRAM  00002
i2_DELAY_ms                               text54        045CE
i2_PHYGetLongRAMAddr                      text49        04B74
i2_PHYGetShortRAMAddr                     text48        04D9A
i2_PHYSetShortRAMAddr                     text47        04DC4
i2_SPIGet                                 text50        04EF4
i2_SPIPut                                 text51        04E5C
i2___lmul                                 text55        04B1E
i2___lmul@multiplicand                    cstackCOMRAM  00005
i2___lmul@multiplier                      cstackCOMRAM  00001
i2___lmul@product                         cstackCOMRAM  00009
int$flags                                 temp          0005D
intlevel0                                 text          00000
intlevel1                                 text          00000
intlevel2                                 text          00000
intlevel3                                 text          00000
main@Connect                              cstackBANK0   000FA
main@idx                                  cstackBANK0   000FB
stackhi                                   (abs)         00EBF
stacklo                                   (abs)         0038C
start                                     init          00212
start_initialization                      cinit         04868
uartWrite@c                               cstackBANK0   00060
wtemp6                                    temp          0005E


FUNCTION INFORMATION:

 *************** function _main *****************
 Defined at:
		line 42 in file "C:/Users/tpeea/Documents/MPLABXProjects/Projet_Zigbee/firmware/src/main.c"
 Parameters:    Size  Location     Type
		None
 Auto vars:     Size  Location     Type
  idx             1  155[BANK0 ] unsigned char 
  Connect         1  154[BANK0 ] unsigned char 
 Return value:  Size  Location     Type
                  1    wreg      void 
 Registers used:
		wreg, fsr0l, fsr0h, fsr1l, fsr1h, fsr2l, fsr2h, status,2, status,0, tblptrl, tblptrh, tblptru, prodl, prodh, cstack
 Tracked objects:
		On entry : 
		On exit  : 
		Unchanged: 
 Data sizes:     COMRAM   BANK0   BANK1   BANK2   BANK3   BANK4   BANK5   BANK6   BANK7   BANK8   BANK9  BANK10  BANK11  BANK12  BANK13  BANK14
      Params:         0       0       0       0       0       0       0       0       0       0       0       0       0       0       0       0
      Locals:         0       2       0       0       0       0       0       0       0       0       0       0       0       0       0       0
      Temps:          0       0       0       0       0       0       0       0       0       0       0       0       0       0       0       0
      Totals:         0       2       0       0       0       0       0       0       0       0       0       0       0       0       0       0
Total ram usage:        2 bytes
 Hardware stack levels required when called:   19
 This function calls:
		_MiApp_ConnectionMode
		_MiApp_DiscardMessage
		_MiApp_EstablishConnection
		_MiApp_MessageAvailable
		_MiApp_ProtocolInit
		_MiApp_SearchConnection
		_MiApp_SetChannel
		_MiApp_StartConnection
		_ResetScreen
		_SYSTEM_Initialize
		__uartPrint
		_uartInitialize
 This function is called by:
		Startup code after reset
 This function uses a non-reentrant model


 *************** function _uartInitialize *****************
 Defined at:
		line 28 in file "C:/Users/tpeea/Documents/MPLABXProjects/Projet_Zigbee/firmware/src/VT100.c"
 Parameters:    Size  Location     Type
		None
 Auto vars:     Size  Location     Type
		None
 Return value:  Size  Location     Type
                  1    wreg      void 
 Registers used:
		wreg, status,2
 Tracked objects:
		On entry : 
		On exit  : 
		Unchanged: 
 Data sizes:     COMRAM   BANK0   BANK1   BANK2   BANK3   BANK4   BANK5   BANK6   BANK7   BANK8   BANK9  BANK10  BANK11  BANK12  BANK13  BANK14
      Params:         0       0       0       0       0       0       0       0       0       0       0       0       0       0       0       0
      Locals:         0       0       0       0       0       0       0       0       0       0       0       0       0       0       0       0
      Temps:          0       0       0       0       0       0       0       0       0       0       0       0       0       0       0       0
      Totals:         0       0       0       0       0       0       0       0       0       0       0       0       0       0       0       0
Total ram usage:        0 bytes
 Hardware stack levels used:    1
 Hardware stack levels required when called:    5
 This function calls:
		Nothing
 This function is called by:
		_main
 This function uses a non-reentrant model


 *************** function _SYSTEM_Initialize *****************
 Defined at:
		line 60 in file "C:/Users/tpeea/Documents/MPLABXProjects/Projet_Zigbee/firmware/src/system_config/8bitwdk_pic18f46j50_24j40/system.c"
 Parameters:    Size  Location     Type
		None
 Auto vars:     Size  Location     Type
		None
 Return value:  Size  Location     Type
                  1    wreg      void 
 Registers used:
		wreg, status,2, status,0, cstack
 Tracked objects:
		On entry : 
		On exit  : 
		Unchanged: 
 Data sizes:     COMRAM   BANK0   BANK1   BANK2   BANK3   BANK4   BANK5   BANK6   BANK7   BANK8   BANK9  BANK10  BANK11  BANK12  BANK13  BANK14
      Params:         0       0       0       0       0       0       0       0       0       0       0       0       0       0       0       0
      Locals:         0       0       0       0       0       0       0       0       0       0       0       0       0       0       0       0
      Temps:          0       0       0       0       0       0       0       0       0       0       0       0       0       0       0       0
      Totals:         0       0       0       0       0       0       0       0       0       0       0       0       0       0       0       0
Total ram usage:        0 bytes
 Hardware stack levels used:    1
 Hardware stack levels required when called:    8
 This function calls:
		_LCD_Initialize
 This function is called by:
		_main
 This function uses a non-reentrant model


 *************** function _LCD_Initialize *****************
 Defined at:
		line 149 in file "C:/Users/tpeea/Documents/MPLABXProjects/Projet_Zigbee/firmware/src/system_config/8bitwdk_pic18f46j50_24j40/lcd.c"
 Parameters:    Size  Location     Type
		None
 Auto vars:     Size  Location     Type
		None
 Return value:  Size  Location     Type
                  1    wreg      void 
 Registers used:
		wreg, status,2, status,0, cstack
 Tracked objects:
		On entry : 
		On exit  : 
		Unchanged: 
 Data sizes:     COMRAM   BANK0   BANK1   BANK2   BANK3   BANK4   BANK5   BANK6   BANK7   BANK8   BANK9  BANK10  BANK11  BANK12  BANK13  BANK14
      Params:         0       0       0       0       0       0       0       0       0       0       0       0       0       0       0       0
      Locals:         0       0       0       0       0       0       0       0       0       0       0       0       0       0       0       0
      Temps:          0       0       0       0       0       0       0       0       0       0       0       0       0       0       0       0
      Totals:         0       0       0       0       0       0       0       0       0       0       0       0       0       0       0       0
Total ram usage:        0 bytes
 Hardware stack levels used:    1
 Hardware stack levels required when called:    7
 This function calls:
		_DELAY_ms
		_I2CWrite
 This function is called by:
		_SYSTEM_Initialize
 This function uses a non-reentrant model


 *************** function _I2CWrite *****************
 Defined at:
		line 123 in file "C:/Users/tpeea/Documents/MPLABXProjects/Projet_Zigbee/firmware/src/system_config/8bitwdk_pic18f46j50_24j40/lcd.c"
 Parameters:    Size  Location     Type
  Commandlen      1    wreg     unsigned char 
  BufferLen       1    0[BANK0 ] unsigned char 
 Auto vars:     Size  Location     Type
  Commandlen      1    1[BANK0 ] unsigned char 
 Return value:  Size  Location     Type
                  1    wreg      void 
 Registers used:
		wreg, status,2
 Tracked objects:
		On entry : 
		On exit  : 
		Unchanged: 
 Data sizes:     COMRAM   BANK0   BANK1   BANK2   BANK3   BANK4   BANK5   BANK6   BANK7   BANK8   BANK9  BANK10  BANK11  BANK12  BANK13  BANK14
      Params:         0       1       0       0       0       0       0       0       0       0       0       0       0       0       0       0
      Locals:         0       1       0       0       0       0       0       0       0       0       0       0       0       0       0       0
      Temps:          0       0       0       0       0       0       0       0       0       0       0       0       0       0       0       0
      Totals:         0       2       0       0       0       0       0       0       0       0       0       0       0       0       0       0
Total ram usage:        2 bytes
 Hardware stack levels used:    1
 Hardware stack levels required when called:    5
 This function calls:
		Nothing
 This function is called by:
		_LCD_Initialize
		_LCD_Update
		_LCDBacklightON
		_LCDBacklightOFF
 This function uses a non-reentrant model


 *************** function _DELAY_ms *****************
 Defined at:
		line 108 in file "C:/Users/tpeea/Documents/MPLABXProjects/Projet_Zigbee/firmware/src/system_config/8bitwdk_pic18f46j50_24j40/delay.c"
 Parameters:    Size  Location     Type
  ms              2   12[BANK0 ] unsigned int 
 Auto vars:     Size  Location     Type
  cyclesRequir    4   14[BANK0 ] long 
 Return value:  Size  Location     Type
                  1    wreg      void 
 Registers used:
		wreg, status,2, status,0, cstack
 Tracked objects:
		On entry : 
		On exit  : 
		Unchanged: 
 Data sizes:     COMRAM   BANK0   BANK1   BANK2   BANK3   BANK4   BANK5   BANK6   BANK7   BANK8   BANK9  BANK10  BANK11  BANK12  BANK13  BANK14
      Params:         0       2       0       0       0       0       0       0       0       0       0       0       0       0       0       0
      Locals:         0       4       0       0       0       0       0       0       0       0       0       0       0       0       0       0
      Temps:          0       0       0       0       0       0       0       0       0       0       0       0       0       0       0       0
      Totals:         0       6       0       0       0       0       0       0       0       0       0       0       0       0       0       0
Total ram usage:        6 bytes
 Hardware stack levels used:    1
 Hardware stack levels required when called:    6
 This function calls:
		___lmul
 This function is called by:
		_LCD_Initialize
		_LCDDisplay
		_LCDBacklightON
		_LCDBacklightOFF
 This function uses a non-reentrant model


 *************** function ___lmul *****************
 Defined at:
		line 15 in file "C:\Program Files (x86)\Microchip\xc8\v1.45\sources\common\Umul32.c"
 Parameters:    Size  Location     Type
  multiplier      4    0[BANK0 ] unsigned long 
  multiplicand    4    4[BANK0 ] unsigned long 
 Auto vars:     Size  Location     Type
  product         4    8[BANK0 ] unsigned long 
 Return value:  Size  Location     Type
                  4    0[BANK0 ] unsigned long 
 Registers used:
		wreg, status,2, status,0
 Tracked objects:
		On entry : 
		On exit  : 
		Unchanged: 
 Data sizes:     COMRAM   BANK0   BANK1   BANK2   BANK3   BANK4   BANK5   BANK6   BANK7   BANK8   BANK9  BANK10  BANK11  BANK12  BANK13  BANK14
      Params:         0       8       0       0       0       0       0       0       0       0       0       0       0       0       0       0
      Locals:         0       4       0       0       0       0       0       0       0       0       0       0       0       0       0       0
[...]
 This function calls:
		_UserInterruptHandler
		i2_PHYGetLongRAMAddr
		i2_PHYGetShortRAMAddr
		i2_PHYSetShortRAMAddr
 This function is called by:
		Interrupt level 2
 This function uses a non-reentrant model


 *************** function i2_PHYSetShortRAMAddr *****************
 Defined at:
		line 124 in file "C:/Users/tpeea/Documents/MPLABXProjects/MLA/framework/driver/mrf_miwi/src/drv_mrf_miwi_24j40.c"
 Parameters:    Size  Location     Type
  address         1    wreg     unsigned char 
  value           1    2[COMRAM] unsigned char 
 Auto vars:     Size  Location     Type
  address         1    3[COMRAM] unsigned char 
  PHYSetShortR    1    4[COMRAM] volatile unsigned char 
 Return value:  Size  Location     Type
                  1    wreg      void 
 Registers used:
		wreg, status,2, cstack
 Tracked objects:
		On entry : 
		On exit  : 
		Unchanged: 
 Data sizes:     COMRAM   BANK0   BANK1   BANK2   BANK3   BANK4   BANK5   BANK6   BANK7   BANK8   BANK9  BANK10  BANK11  BANK12  BANK13  BANK14
      Params:         1       0       0       0       0       0       0       0       0       0       0       0       0       0       0       0
      Locals:         2       0       0       0       0       0       0       0       0       0       0       0       0       0       0       0
      Temps:          0       0       0       0       0       0       0       0       0       0       0       0       0       0       0       0
      Totals:         3       0       0       0       0       0       0       0       0       0       0       0       0       0       0       0
Total ram usage:        3 bytes
 Hardware stack levels used:    1
 Hardware stack levels required when called:    1
 This function calls:
		i2_SPIPut
 This function is called by:
		_high_isr
 This function uses a non-reentrant model


 *************** function i2_PHYGetShortRAMAddr *****************
 Defined at:
		line 154 in file "C:/Users/tpeea/Documents/MPLABXProjects/MLA/framework/driver/mrf_miwi/src/drv_mrf_miwi_24j40.c"
 Parameters:    Size  Location     Type
  address         1    wreg     unsigned char 
 Auto vars:     Size  Location     Type
  address         1    2[COMRAM] unsigned char 
  PHYGetShortR    1    4[COMRAM] volatile unsigned char 
  PHYGetShortR    1    3[COMRAM] unsigned char 
 Return value:  Size  Location     Type
                  1    wreg      unsigned char 
 Registers used:
		wreg, status,2, cstack
 Tracked objects:
		On entry : 
		On exit  : 
		Unchanged: 
 Data sizes:     COMRAM   BANK0   BANK1   BANK2   BANK3   BANK4   BANK5   BANK6   BANK7   BANK8   BANK9  BANK10  BANK11  BANK12  BANK13  BANK14
      Params:         0       0       0       0       0       0       0       0       0       0       0       0       0       0       0       0
      Locals:         3       0       0       0       0       0       0       0       0       0       0       0       0       0       0       0
      Temps:          0       0       0       0       0       0       0       0       0       0       0       0       0       0       0       0
      Totals:         3       0       0       0       0       0       0       0       0       0       0       0       0       0       0       0
Total ram usage:        3 bytes
 Hardware stack levels used:    1
 Hardware stack levels required when called:    2
 This function calls:
		i2_SPIGet
		i2_SPIPut
 This function is called by:
		_high_isr
 This function uses a non-reentrant model


 *************** function i2_PHYGetLongRAMAddr *****************
 Defined at:
		line 185 in file "C:/Users/tpeea/Documents/MPLABXProjects/MLA/framework/driver/mrf_miwi/src/drv_mrf_miwi_24j40.c"
 Parameters:    Size  Location     Type
  address         2    2[COMRAM] unsigned int 
 Auto vars:     Size  Location     Type
  PHYGetLongRA    1    7[COMRAM] volatile unsigned char 
  PHYGetLongRA    1    6[COMRAM] unsigned char 
 Return value:  Size  Location     Type
                  1    wreg      unsigned char 
 Registers used:
		wreg, status,2, status,0, cstack
 Tracked objects:
		On entry : 
		On exit  : 
		Unchanged: 
 Data sizes:     COMRAM   BANK0   BANK1   BANK2   BANK3   BANK4   BANK5   BANK6   BANK7   BANK8   BANK9  BANK10  BANK11  BANK12  BANK13  BANK14
      Params:         2       0       0       0       0       0       0       0       0       0       0       0       0       0       0       0
      Locals:         2       0       0       0       0       0       0       0       0       0       0       0       0       0       0       0
      Temps:          2       0       0       0       0       0       0       0       0       0       0       0       0       0       0       0
      Totals:         6       0       0       0       0       0       0       0       0       0       0       0       0       0       0       0
Total ram usage:        6 bytes
 Hardware stack levels used:    1
 Hardware stack levels required when called:    2
 This function calls:
		i2_SPIGet
		i2_SPIPut
 This function is called by:
		_high_isr
 This function uses a non-reentrant model


 *************** function i2_SPIGet *****************
 Defined at:
		line 102 in file "C:/Users/tpeea/Documents/MPLABXProjects/Projet_Zigbee/firmware/src/system_config/8bitwdk_pic18f46j50_24j40/spi.c"
 Parameters:    Size  Location     Type
		None
 Auto vars:     Size  Location     Type
		None
 Return value:  Size  Location     Type
                  1    wreg      unsigned char 
 Registers used:
		wreg, status,2, cstack
 Tracked objects:
		On entry : 
		On exit  : 
		Unchanged: 
 Data sizes:     COMRAM   BANK0   BANK1   BANK2   BANK3   BANK4   BANK5   BANK6   BANK7   BANK8   BANK9  BANK10  BANK11  BANK12  BANK13  BANK14
      Params:         0       0       0       0       0       0       0       0       0       0       0       0       0       0       0       0
      Locals:         0       0       0       0       0       0       0       0       0       0       0       0       0       0       0       0
      Temps:          0       0       0       0       0       0       0       0       0       0       0       0       0       0       0       0
      Totals:         0       0       0       0       0       0       0       0       0       0       0       0       0       0       0       0
Total ram usage:        0 bytes
 Hardware stack levels used:    1
 Hardware stack levels required when called:    1
 This function calls:
		i2_SPIPut
 This function is called by:
		i2_PHYGetShortRAMAddr
		i2_PHYGetLongRAMAddr
 This function uses a non-reentrant model


 *************** function i2_SPIPut *****************
 Defined at:
		line 45 in file "C:/Users/tpeea/Documents/MPLABXProjects/Projet_Zigbee/firmware/src/system_config/8bitwdk_pic18f46j50_24j40/spi.c"
 Parameters:    Size  Location     Type
  v               1    wreg     unsigned char 
 Auto vars:     Size  Location     Type
  v               1    1[COMRAM] unsigned char 
  SPIPut          1    0[COMRAM] unsigned char 
 Return value:  Size  Location     Type
                  1    wreg      void 
 Registers used:
		wreg
 Tracked objects:
		On entry : 
		On exit  : 
		Unchanged: 
 Data sizes:     COMRAM   BANK0   BANK1   BANK2   BANK3   BANK4   BANK5   BANK6   BANK7   BANK8   BANK9  BANK10  BANK11  BANK12  BANK13  BANK14
      Params:         0       0       0       0       0       0       0       0       0       0       0       0       0       0       0       0
      Locals:         2       0       0       0       0       0       0       0       0       0       0       0       0       0       0       0
      Temps:          0       0       0       0       0       0       0       0       0       0       0       0       0       0       0       0
      Totals:         2       0       0       0       0       0       0       0       0       0       0       0       0       0       0       0
Total ram usage:        2 bytes
 Hardware stack levels used:    1
 This function calls:
		Nothing
 This function is called by:
		i2_PHYSetShortRAMAddr
		i2_PHYGetShortRAMAddr
		i2_PHYGetLongRAMAddr
		i2_SPIGet
 This function uses a non-reentrant model


 *************** function _UserInterruptHandler *****************
 Defined at:
		line 345 in file "C:/Users/tpeea/Documents/MPLABXProjects/Projet_Zigbee/firmware/src/system_config/8bitwdk_pic18f46j50_24j40/lcd.c"
 Parameters:    Size  Location     Type
		None
 Auto vars:     Size  Location     Type
		None
 Return value:  Size  Location     Type
                  1    wreg      void 
 Registers used:
		wreg, fsr2l, fsr2h, status,2, status,0, prodl, prodh, cstack
 Tracked objects:
		On entry : 
		On exit  : 
		Unchanged: 
 Data sizes:     COMRAM   BANK0   BANK1   BANK2   BANK3   BANK4   BANK5   BANK6   BANK7   BANK8   BANK9  BANK10  BANK11  BANK12  BANK13  BANK14
      Params:         0       0       0       0       0       0       0       0       0       0       0       0       0       0       0       0
      Locals:         0       0       0       0       0       0       0       0       0       0       0       0       0       0       0       0
      Temps:          0       0       0       0       0       0       0       0       0       0       0       0       0       0       0       0
      Totals:         0       0       0       0       0       0       0       0       0       0       0       0       0       0       0       0
Total ram usage:        0 bytes
 Hardware stack levels used:    1
 Hardware stack levels required when called:    3
 This function calls:
		_I2CTask
		i2_DELAY_ms
 This function is called by:
		_high_isr
 This function uses a non-reentrant model


 *************** function _I2CTask *****************
 Defined at:
		line 65 in file "C:/Users/tpeea/Documents/MPLABXProjects/Projet_Zigbee/firmware/src/system_config/8bitwdk_pic18f46j50_24j40/lcd.c"
 Parameters:    Size  Location     Type
		None
 Auto vars:     Size  Location     Type
		None
 Return value:  Size  Location     Type
                  1    wreg      void 
 Registers used:
		wreg, fsr2l, fsr2h, status,2, status,0, prodl, prodh, cstack
 Tracked objects:
		On entry : 
		On exit  : 
		Unchanged: 
 Data sizes:     COMRAM   BANK0   BANK1   BANK2   BANK3   BANK4   BANK5   BANK6   BANK7   BANK8   BANK9  BANK10  BANK11  BANK12  BANK13  BANK14
      Params:         0       0       0       0       0       0       0       0       0       0       0       0       0       0       0       0
      Locals:         0       0       0       0       0       0       0       0       0       0       0       0       0       0       0       0
      Temps:          0       0       0       0       0       0       0       0       0       0       0       0       0       0       0       0
      Totals:         0       0       0       0       0       0       0       0       0       0       0       0       0       0       0       0
Total ram usage:        0 bytes
 Hardware stack levels used:    1
 Hardware stack levels required when called:    2
 This function calls:
		i2_DELAY_ms
 This function is called by:
		_UserInterruptHandler
 This function uses a non-reentrant model


 *************** function i2_DELAY_ms *****************
 Defined at:
		line 108 in file "C:/Users/tpeea/Documents/MPLABXProjects/Projet_Zigbee/firmware/src/system_config/8bitwdk_pic18f46j50_24j40/delay.c"
 Parameters:    Size  Location     Type
  ms              2   12[COMRAM] unsigned int 
 Auto vars:     Size  Location     Type
  DELAY_ms        4   14[COMRAM] long 
 Return value:  Size  Location     Type
                  1    wreg      void 
 Registers used:
		wreg, status,2, status,0, cstack
 Tracked objects:
		On entry : 
		On exit  : 
		Unchanged: 
 Data sizes:     COMRAM   BANK0   BANK1   BANK2   BANK3   BANK4   BANK5   BANK6   BANK7   BANK8   BANK9  BANK10  BANK11  BANK12  BANK13  BANK14
      Params:         2       0       0       0       0       0       0       0       0       0       0       0       0       0       0       0
      Locals:         4       0       0       0       0       0       0       0       0       0       0       0       0       0       0       0
      Temps:          0       0       0       0       0       0       0       0       0       0       0       0       0       0       0       0
      Totals:         6       0       0       0       0       0       0       0       0       0       0       0       0       0       0       0
Total ram usage:        6 bytes
 Hardware stack levels used:    1
 Hardware stack levels required when called:    1
 This function calls:
		i2___lmul
 This function is called by:
		_I2CTask
		_UserInterruptHandler
 This function uses a non-reentrant model


 *************** function i2___lmul *****************
 Defined at:
		line 15 in file "C:\Program Files (x86)\Microchip\xc8\v1.45\sources\common\Umul32.c"
 Parameters:    Size  Location     Type
  multiplier      4    0[COMRAM] unsigned long 
  multiplicand    4    4[COMRAM] unsigned long 
 Auto vars:     Size  Location     Type
  __lmul          4    8[COMRAM] unsigned long 
 Return value:  Size  Location     Type
                  4    0[COMRAM] unsigned long 
 Registers used:
		wreg, status,2, status,0
 Tracked objects:
		On entry : 
		On exit  : 
		Unchanged: 
 Data sizes:     COMRAM   BANK0   BANK1   BANK2   BANK3   BANK4   BANK5   BANK6   BANK7   BANK8   BANK9  BANK10  BANK11  BANK12  BANK13  BANK14
      Params:         8       0       0       0       0       0       0       0       0       0       0       0       0       0       0       0
      Locals:         4       0       0       0       0       0       0       0       0       0       0       0       0       0       0       0
      Temps:          0       0       0       0       0       0       0       0       0       0       0       0       0       0       0       0
      Totals:        12       0       0       0       0       0       0       0       0       0       0       0       0       0       0       0
Total ram usage:       12 bytes
 Hardware stack levels used:    1
 This function calls:
		Nothing
 This function is called by:
		i2_DELAY_ms
 This function uses a non-reentrant model



MODULE INFORMATION

Module		Function		Class		Link	Load	Size
C:/Users/tpeea/Documents/MPLABXProjects/Projet_Zigbee/firmware/src/main.c
		_main          		CODE           	4368	0000	171

C:/Users/tpeea/Documents/MPLABXProjects/Projet_Zigbee/firmware/src/main.c estimated size: 171

C:/Users/tpeea/Documents/MPLABXProjects/MLA/framework/miwi/src/miwi_mesh.c
		_UnicastShortAddress		CODE           	46E2	0000	137
		_MiApp_EstablishConnection		CODE           	355A	0000	901
		_MiApp_ProtocolInit		CODE           	3F40	0000	297
		_MiApp_UnicastAddress		CODE           	2DB6	0000	987
		_MiApp_StartConnection		CODE           	48DE	0000	119
		_SendMACPacket 		CODE           	4412	0000	151
		_SendBeacon    		CODE           	4146	0000	191
		_SearchForLongAddress		CODE           	42B8	0000	177
		_findNextNetworkEntry		CODE           	4CA4	0000	61
		_SearchForShortAddress		CODE           	476A	0000	131
		_OpenSocket    		CODE           	3B38	0000	595
		_RouteMessage  		CODE           	2960	0000	1111
		_MiApp_SetChannel		CODE           	4E08	0000	29
		_MiWiTasks     		CODE           	0FF2	0000	4845
		_MiApp_DiscardMessage		CODE           	4F08	0000	9
		_BroadcastJitter		CODE           	44A8	0000	149
		_MiApp_MessageAvailable		CODE           	4ECC	0000	17
		_MiApp_SearchConnection		CODE           	3D8A	0000	439
		_AddNodeToNetworkTable		CODE           	4068	0000	223
		_MiApp_ConnectionMode		CODE           	4D70	0000	43

C:/Users/tpeea/Documents/MPLABXProjects/MLA/framework/miwi/src/miwi_mesh.c estimated size: 10612

C:/Users/tpeea/Documents/MPLABXProjects/MLA/framework/driver/mrf_miwi/src/drv_mrf_miwi_24j40.c
		_PHYGetLongRAMAddr		CODE           	49B8	0000	91
		_PHYSetLongRAMAddr		CODE           	4A12	0000	91
		_PHYGetShortRAMAddr		CODE           	4CE0	0000	51
		_PHYSetShortRAMAddr		CODE           	4D12	0000	49
		_InitMRF24J40  		CODE           	38DE	0000	603
		_MiMAC_ReceivedPacket		CODE           	22DE	0000	1667
		_MiMAC_DiscardPacket		CODE           	4E40	0000	29
		_high_isr      		CODE           	0008	0000	523
		_MiMAC_SetChannel		CODE           	4C14	0000	77
		_MiMAC_Init    		CODE           	4C60	0000	69
		_MiMAC_SendPacket		CODE           	3190	0000	971
		_MiMAC_SetAltAddress		CODE           	4954	0000	101

C:/Users/tpeea/Documents/MPLABXProjects/MLA/framework/driver/mrf_miwi/src/drv_mrf_miwi_24j40.c estimated size: 4322

C:/Users/tpeea/Documents/MPLABXProjects/Projet_Zigbee/firmware/src/system_config/8bitwdk_pic18f46j50_24j40/spi.c
		_SPIGet        		CODE           	4EEA	0000	11
		_SPIPut        		CODE           	4E24	0000	29

C:/Users/tpeea/Documents/MPLABXProjects/Projet_Zigbee/firmware/src/system_config/8bitwdk_pic18f46j50_24j40/spi.c estimated size: 40

C:/Users/tpeea/Documents/MPLABXProjects/Projet_Zigbee/firmware/src/system_config/8bitwdk_pic18f46j50_24j40/delay.c
		_DELAY_ms      		CODE           	453C	0000	147

C:/Users/tpeea/Documents/MPLABXProjects/Projet_Zigbee/firmware/src/system_config/8bitwdk_pic18f46j50_24j40/delay.c estimated size: 147

C:\Program Files (x86)\Microchip\xc8\v1.45\sources\common\Umul32.c
		___lmul        		CODE           	4AC6	0000	89

C:\Program Files (x86)\Microchip\xc8\v1.45\sources\common\Umul32.c estimated size: 89

C:/Users/tpeea/Documents/MPLABXProjects/Projet_Zigbee/firmware/src/system_config/8bitwdk_pic18f46j50_24j40/symbol.c
		_InitSymbolTimer		CODE           	4EA6	0000	23
		_MiWi_TickGet  		CODE           	4A6C	0000	91

C:/Users/tpeea/Documents/MPLABXProjects/Projet_Zigbee/firmware/src/system_config/8bitwdk_pic18f46j50_24j40/symbol.c estimated size: 114

C:/Users/tpeea/Documents/MPLABXProjects/Projet_Zigbee/firmware/src/VT100.c
		_uartInitialize		CODE           	4E76	0000	25
		_ResetScreen   		CODE           	4EBC	0000	17
		__uartPrint    		CODE           	4BC6	0000	79
		_uartWrite     		CODE           	4EDC	0000	15

C:/Users/tpeea/Documents/MPLABXProjects/Projet_Zigbee/firmware/src/VT100.c estimated size: 136

C:/Users/tpeea/Documents/MPLABXProjects/Projet_Zigbee/firmware/src/system_config/8bitwdk_pic18f46j50_24j40/lcd.c
		_LCD_Initialize		CODE           	47EC	0000	125
		_UserInterruptHandler		CODE           	4E8E	0000	25
		_I2CWrite      		CODE           	4DEC	0000	29
		_I2CTask       		CODE           	4204	0000	181

C:/Users/tpeea/Documents/MPLABXProjects/Projet_Zigbee/firmware/src/system_config/8bitwdk_pic18f46j50_24j40/lcd.c estimated size: 360

shared
		i2_DELAY_ms    		CODE           	45CE	0000	141
		_dpowers       		SMALLCONST     	0F49	0000	11
		_ScanTime      		SMALLCONST     	0F01	0000	61
		i2_PHYGetShortRAMAddr		CODE           	4D9A	0000	43
		i2_PHYGetLongRAMAddr		CODE           	4B74	0000	83
		i2_PHYSetShortRAMAddr		CODE           	4DC4	0000	41
		__initialization		CODE           	4868	0000	105
		i2___lmul      		CODE           	4B1E	0000	87
		_octpowers     		SMALLCONST     	0F3D	0000	13
		i2_SPIGet      		CODE           	4EF4	0000	11
		_hexpowers     		SMALLCONST     	0F53	0000	9
		i2_SPIPut      		CODE           	4E5C	0000	27

shared estimated size: 632

C:\Program Files (x86)\Microchip\xc8\v1.45\sources\common\lbmod.c
		___lbmod       		CODE           	4D42	0000	47

C:\Program Files (x86)\Microchip\xc8\v1.45\sources\common\lbmod.c estimated size: 47

C:/Users/tpeea/Documents/MPLABXProjects/Projet_Zigbee/firmware/src/system_config/8bitwdk_pic18f46j50_24j40/system.c
		_SYSTEM_Initialize		CODE           	465A	0000	137

C:/Users/tpeea/Documents/MPLABXProjects/Projet_Zigbee/firmware/src/system_config/8bitwdk_pic18f46j50_24j40/system.c estimated size: 137

