Microchip MPLAB XC8 Compiler V1.45 ()

Linker command line:

--edf=C:\Program Files (x86)\Microchip\xc8\v1.45\dat\en_msgs.txt -cs \
  -h+dist/default/production\KOLEK.X.production.sym \
  --cmf=dist/default/production\KOLEK.X.production.cmf -z -Q18F46J50 \
  -oC:\Users\tpeea\AppData\Local\Temp\s84g.2 \
  -Mdist/default/production/KOLEK.X.production.map -E1 -ver=XC8 \
  -ASTACK=038Ch-0ebfh -pstack=STACK -ACODE=00h-0FFF7h -ACONST=00h-0FFF7h \
  -ASMALLCONST=0F00h-0FFFhx240,0FF00h-0FFF7h -AMEDIUMCONST=0F00h-0FFF7h \
  -ACOMRAM=01h-05Fh -AABS1=00h-0EBFh -ABIGRAM=01h-0EBFh \
  -ARAM=060h-0FFh,0100h-01FFhx13,0E00h-0EBFh -ABANK0=060h-0FFh \
  -ABANK1=0100h-01FFh -ABANK2=0200h-02FFh -ABANK3=0300h-03FFh \
  -ABANK4=0400h-04FFh -ABANK5=0500h-05FFh -ABANK6=0600h-06FFh \
  -ABANK7=0700h-07FFh -ABANK8=0800h-08FFh -ABANK9=0900h-09FFh \
  -ABANK10=0A00h-0AFFh -ABANK11=0B00h-0BFFh -ABANK12=0C00h-0CFFh \
  -ABANK13=0D00h-0DFFh -ABANK14=0E00h-0EBFh \
  -ASFR=0EC0h-0EFFh,0F00h-0F5Fh,0F60h-0FFFh \
  -preset_vec=00h,intcode=08h,intcodelo,powerup,init -pramtop=0F00h \
  -psmallconst=SMALLCONST -pmediumconst=MEDIUMCONST -pconst=CONST \
  -AFARRAM=00h-00h -ACONFIG=0FFF8h-0FFFFh -pconfig=CONFIG \
  -pjflash_buffer=0F800h \
  -prdata=COMRAM,nvrram=COMRAM,nvbit=COMRAM,rbss=COMRAM,rbit=COMRAM \
  -pfarbss=FARRAM,fardata=FARRAM,nvFARRAM=FARRAM \
  -pintsave_regs=BIGRAM,bigbss=BIGRAM,bigdata=BIGRAM -pbss=RAM \
  -pidata=CODE,irdata=CODE,ibigdata=CODE,ifardata=CODE -prparam=COMRAM \
  C:\Users\tpeea\AppData\Local\Temp\s84g.obj \
  dist/default/production\KOLEK.X.production.obj 

Object code version is 3.11

Machine type is 18F46J50

Call graph: (short form)




                Name                               Link     Load   Length Selector   Space Scale
C:\Users\tpeea\AppData\Local\Temp\s84g.obj
                init                                212      212        4        4       0
                reset_vec                             0        0        4        0       0
                config                             FFF8     FFF8        8     FFF8       0
dist/default/production\KOLEK.X.production.obj
                intcode                               8        8      20A        4       0
                temp                                 5D       5D        1        1       1
                smallconst                          F00      F00       F4      780       0
                text55                             4B48     4B48       56      7FA       0
                text54                             45F8     45F8       8C      7FA       0
                text53                             42D8     42D8       B4      7FA       0
                text52                             4EB8     4EB8       18      7FA       0
                text51                             4E86     4E86       1A      7FA       0
                text50                             4F1E     4F1E        A      7FA       0
                text49                             4B9E     4B9E       52      7FA       0
                text48                             4DC4     4DC4       2A      7FA       0
                text47                             4DEE     4DEE       28      7FA       0
                text45                             4D9A     4D9A       2A      7FA       0
                text44                             4E6A     4E6A       1C      7FA       0
                text43                             4F32     4F32        8     2799       0
                text42                             438C     438C       B0      7FA       0
                text41                             4794     4794       82      7FA       0
                text40                             4CCE     4CCE       3C      7FA       0
                text39                             406A     406A       DE      7FA       0
                text38                             4A96     4A96       5A      7FA       0
                text37                             4D6C     4D6C       2E      7FA       0
                text36                             44D2     44D2       94      7FA       0
                text35                             22E0     22E0      682      7FA       0
                text34                             4E4E     4E4E       1C      7FA       0
                text33                             4A3C     4A3C       5A      7FA       0
                text32                             4D3C     4D3C       30      7FA       0
                text31                             4C3E     4C3E       4C      7FA       0
                text30                             4F14     4F14        A      7FA       0
                text29                             49E2     49E2       5A      7FA       0
                text28                             4D0A     4D0A       32      7FA       0
                text27                             38E0     38E0      25A      7FA       0
                text26                             497E     497E       64      7FA       0
                text25                             3192     3192      3CA      7FA       0
                text24                             443C     443C       96      7FA       0
                text23                             421A     421A       BE      7FA       0
                text22                             2962     2962      456      7FA       0
                text21                             470C     470C       88      7FA       0
                text20                              FF4      FF4     12EC      7FA       0
                text19                             4EF6     4EF6       10      7FA       0
                text18                             4E32     4E32       1C      7FA       0
                text17                             3D8C     3D8C      1B6      7FA       0
                text16                             2DB8     2DB8      3DA      7FA       0
                text15                             3B3A     3B3A      252      7FA       0
                text14                             355C     355C      384      7FA       0
                text13                             4ED0     4ED0       16      7FA       0
                text12                             4C8A     4C8A       44      7FA       0
                text11                             3F42     3F42      128      7FA       0
                text10                             4908     4908       76      7FA       0
                text9                              4F06     4F06        E      7FA       0
                text8                              4BF0     4BF0       4E      7FA       0
                text7                              4EE6     4EE6       10      7FA       0
                text6                              4AF0     4AF0       58      7FA       0
                text5                              4566     4566       92      7FA       0
                text4                              4E16     4E16       1C      7FA       0
                text3                              4816     4816       7C      7FA       0
                text2                              4684     4684       88      7FA       0
                text1                              4EA0     4EA0       18      7FA       0
                text0                              4148     4148       D2      7FA       0
                cstackCOMRAM                          1        1       2E        1       1
                cstackBANK0                          60       60       9C       60       1
                cstackBANK1                         1E5      1E5       12      100       1
                bssBANK3                            300      300       8C      300       1
                bssBANK2                            200      200       E1      200       1
                dataBANK1                           1F7      1F7        9      100       1
                bssBANK1                            100      100       E5      100       1
                dataCOMRAM                           5B       5B        2        1       1
                bssCOMRAM                            2F       2F       2C        1       1
                cinit                              4892     4892       76      7FA       0
                idataBANK1                         4F28     4F28        9      7FA       0
                idataCOMRAM                        4F3A     4F3A        2     2799       0

TOTAL           Name                               Link     Load   Length     Space
        CLASS   STACK          

        CLASS   CODE           
                intcode                               8        8      20A         0
                init                                212      212        4         0
                reset_vec                             0        0        4         0
                text55                             4B48     4B48       56         0
                text54                             45F8     45F8       8C         0
                text53                             42D8     42D8       B4         0
                text52                             4EB8     4EB8       18         0
                text51                             4E86     4E86       1A         0
                text50                             4F1E     4F1E        A         0
                text49                             4B9E     4B9E       52         0
                text48                             4DC4     4DC4       2A         0
                text47                             4DEE     4DEE       28         0
                text45                             4D9A     4D9A       2A         0
                text44                             4E6A     4E6A       1C         0
                text43                             4F32     4F32        8         0
                text42                             438C     438C       B0         0
                text41                             4794     4794       82         0
                text40                             4CCE     4CCE       3C         0
                text39                             406A     406A       DE         0
                text38                             4A96     4A96       5A         0
                text37                             4D6C     4D6C       2E         0
                text36                             44D2     44D2       94         0
                text35                             22E0     22E0      682         0
                text34                             4E4E     4E4E       1C         0
                text33                             4A3C     4A3C       5A         0
                text32                             4D3C     4D3C       30         0
                text31                             4C3E     4C3E       4C         0
                text30                             4F14     4F14        A         0
                text29                             49E2     49E2       5A         0
                text28                             4D0A     4D0A       32         0
                text27                             38E0     38E0      25A         0
                text26                             497E     497E       64         0
                text25                             3192     3192      3CA         0
                text24                             443C     443C       96         0
                text23                             421A     421A       BE         0
                text22                             2962     2962      456         0
                text21                             470C     470C       88         0
                text20                              FF4      FF4     12EC         0
                text19                             4EF6     4EF6       10         0
                text18                             4E32     4E32       1C         0
                text17                             3D8C     3D8C      1B6         0
                text16                             2DB8     2DB8      3DA         0
                text15                             3B3A     3B3A      252         0
                text14                             355C     355C      384         0
                text13                             4ED0     4ED0       16         0
                text12                             4C8A     4C8A       44         0
                text11                             3F42     3F42      128         0
                text10                             4908     4908       76         0
                text9                              4F06     4F06        E         0
                text8                              4BF0     4BF0       4E         0
                text7                              4EE6     4EE6       10         0
                text6                              4AF0     4AF0       58         0
                text5                              4566     4566       92         0
                text4                              4E16     4E16       1C         0
                text3                              4816     4816       7C         0
                text2                              4684     4684       88         0
                text1                              4EA0     4EA0       18         0
                text0                              4148     4148       D2         0
                cinit                              4892     4892       76         0
                idataBANK1                         4F28     4F28        9         0
                idataCOMRAM                        4F3A     4F3A        2         0

        CLASS   CONST          

        CLASS   SMALLCONST     
                smallconst                          F00      F00       F4         0

        CLASS   MEDIUMCONST    

        CLASS   COMRAM         
                temp                                 5D       5D        1         1
                cstackCOMRAM                          1        1       2E         1
                dataCOMRAM                           5B       5B        2         1
                bssCOMRAM                            2F       2F       2C         1

        CLASS   ABS1           

        CLASS   BIGRAM         

        CLASS   RAM            

        CLASS   BANK0          
                cstackBANK0                          60       60       9C         1

        CLASS   BANK1          
                cstackBANK1                         1E5      1E5       12         1
                dataBANK1                           1F7      1F7        9         1
                bssBANK1                            100      100       E5         1

        CLASS   BANK2          
                bssBANK2                            200      200       E1         1

        CLASS   BANK3          
                bssBANK3                            300      300       8C         1

        CLASS   BANK4          

        CLASS   BANK5          

        CLASS   BANK6          

        CLASS   BANK7          

        CLASS   BANK8          

        CLASS   BANK9          

        CLASS   BANK10         

        CLASS   BANK11         

        CLASS   BANK12         

        CLASS   BANK13         

        CLASS   BANK14         

        CLASS   SFR            

        CLASS   FARRAM         

        CLASS   CONFIG         
                config                             FFF8     FFF8        8         0

        CLASS   IDLOC          



SEGMENTS        Name                           Load    Length   Top    Selector   Space  Class

                reset_vec                      000000  000004  000004         0       0  CODE    
                cstackCOMRAM                   000001  00005D  00005E         1       1  COMRAM  
                intcode                        000008  00020E  000216         4       0  CODE    
                cstackBANK0                    000060  00009C  0000FC        60       1  BANK0   
                bssBANK1                       000100  000100  000200       100       1  BANK1   
                bssBANK2                       000200  0000E1  0002E1       200       1  BANK2   
                bssBANK3                       000300  00008C  00038C       300       1  BANK3   
                smallconst                     000F00  0000F4  000FF4       780       0  SMALLCON
                text20                         000FF4  003F3D  004F31       7FA       0  CODE    
                text43                         004F32  00000A  004F3C      2799       0  CODE    
                config                         00FFF8  000008  010000      FFF8       0  CONFIG  


UNUSED ADDRESS RANGES

        Name                Unused          Largest block    Delta
        BANK0            000FC-000FF               4
        BANK10           00A00-00AFF             100
        BANK11           00B00-00BFF             100
        BANK12           00C00-00CFF             100
        BANK13           00D00-00DFF             100
        BANK14           00E00-00EBF              C0
        BANK2            002E1-002FF              1F
        BANK3            0038C-003FF              74
        BANK4            00400-004FF             100
        BANK5            00500-005FF             100
        BANK6            00600-006FF             100
        BANK7            00700-007FF             100
        BANK8            00800-008FF             100
        BANK9            00900-009FF             100
        BIGRAM           0005E-0005F               2
                         000FC-000FF               4
                         002E1-002FF              1F
                         0038C-00EBF             B34
        CODE             00004-00007               4
                         00216-00EFF             CEA
                         04F31-04F31               1
                         04F3C-0FFF7            B0BC
        COMRAM           0005E-0005F               2
        CONST            00004-00007               4
                         00216-00EFF             CEA
                         04F31-04F31               1
                         04F3C-0FFF7            B0BC
        MEDIUMCONST      04F31-04F31               1
                         04F3C-0FFF7            B0BC
        RAM              000FC-000FF               4
                         002E1-002FF              1F
                         0038C-00EBF             100
        SFR              00EC0-00FFF              60
        SMALLCONST       04F31-04F31               1
                         04F3C-0FFF7             100
        STACK            0038C-00EBF             B34

                                  Symbol Table

?_MiWi_TickGet                            cstackBANK0   00060
?___lmul                                  cstackBANK0   00060
?i2___lmul                                cstackCOMRAM  00001
AddNodeToNetworkTable@handle              cstackBANK0   00069
AddNodeToNetworkTable@i                   cstackBANK0   00068
BroadcastJitter@jitter                    cstackBANK0   0007B
BroadcastJitter@range                     cstackBANK0   0007A
BroadcastJitter@t1                        cstackBANK0   00072
BroadcastJitter@t2                        cstackBANK0   00076
DELAY_ms@cyclesRequiredForEntireDelay     cstackBANK0   0006E
DELAY_ms@ms                               cstackBANK0   0006C
I2CWrite@BufferLen                        cstackBANK0   00060
I2CWrite@Commandlen                       cstackBANK0   00061
InitMRF24J40@_dcnt                        cstackBANK0   0006B
InitMRF24J40@_dcnt_569                    cstackBANK0   0006F
InitMRF24J40@_ms                          cstackBANK0   00073
InitMRF24J40@_ms_570                      cstackBANK0   00077
InitMRF24J40@i                            cstackBANK0   0007D
InitMRF24J40@j                            cstackBANK0   0007B
MiApp_ConnectionMode@Mode                 cstackBANK0   00061
MiApp_EstablishConnection@ActiveScanIndex cstackBANK1   001F6
MiApp_EstablishConnection@Mode            cstackBANK0   000F9
MiApp_EstablishConnection@retry           cstackBANK1   001F5
MiApp_EstablishConnection@t1              cstackBANK1   001ED
MiApp_EstablishConnection@t2              cstackBANK1   001F1
MiApp_ProtocolInit@MIP                    cstackBANK0   00084
MiApp_ProtocolInit@bNetworkFreezer        cstackBANK0   00083
MiApp_ProtocolInit@i                      cstackBANK0   00087
MiApp_SearchConnection@ChannelMap         cstackBANK0   000D9
MiApp_SearchConnection@ScanDuration       cstackBANK0   000F6
MiApp_SearchConnection@backupChannel      cstackBANK0   000F7
MiApp_SearchConnection@channelMask        cstackBANK0   000EA
MiApp_SearchConnection@i                  cstackBANK0   000F8
MiApp_SearchConnection@t1                 cstackBANK0   000EE
MiApp_SearchConnection@t2                 cstackBANK0   000F2
MiApp_SetChannel@channel                  cstackBANK0   0006A
MiApp_StartConnection@ChannelMap          cstackBANK0   0006A
MiApp_StartConnection@Mode                cstackBANK0   0006F
MiApp_StartConnection@ScanDuration        cstackBANK0   00069
MiApp_UnicastAddress@DestAddress          cstackBANK0   000D9
MiApp_UnicastAddress@MiWiFrameControl     cstackBANK0   000F5
MiApp_UnicastAddress@PermanentAddr        cstackBANK0   000DB
MiApp_UnicastAddress@SecEn                cstackBANK0   000DC
MiApp_UnicastAddress@handle               cstackBANK0   000F7
MiApp_UnicastAddress@i                    cstackBANK0   000F6
MiApp_UnicastAddress@t1                   cstackBANK0   000E5
MiApp_UnicastAddress@t1_1602              cstackBANK0   000ED
MiApp_UnicastAddress@t2                   cstackBANK0   000E9
MiApp_UnicastAddress@t2_1613              cstackBANK0   000F1
MiMAC_Init@i                              cstackBANK0   00081
MiMAC_Init@initValue                      cstackBANK0   0007E
MiMAC_ReceivedPacket@addrMode             cstackBANK0   00066
MiMAC_ReceivedPacket@bIntraPAN            cstackBANK0   00068
MiMAC_ReceivedPacket@i                    cstackBANK0   00067
MiMAC_SendPacket@IntraPAN                 cstackBANK0   00098
MiMAC_SendPacket@MACPayload               cstackBANK0   00085
MiMAC_SendPacket@MACPayloadLen            cstackBANK0   00087
MiMAC_SendPacket@frameControl             cstackBANK0   00099
MiMAC_SendPacket@headerLength             cstackBANK0   0009A
MiMAC_SendPacket@i                        cstackBANK0   0009B
MiMAC_SendPacket@loc                      cstackBANK0   0009C
MiMAC_SendPacket@t1                       cstackBANK0   00090
MiMAC_SendPacket@t2                       cstackBANK0   00094
MiMAC_SendPacket@transParam               cstackBANK0   0007E
MiMAC_SetAltAddress@Address               cstackBANK0   00065
MiMAC_SetAltAddress@PANID                 cstackBANK0   00067
MiMAC_SetChannel@channel                  cstackBANK0   00069
MiMAC_SetChannel@offsetFreq               cstackBANK0   00068
MiWiTasks@CapacityByte                    cstackBANK0   000CB
MiWiTasks@CoordAddress                    cstackBANK0   000BC
MiWiTasks@associateStatus                 cstackBANK0   000C0
MiWiTasks@cIndex                          cstackBANK0   000C8
MiWiTasks@coordinatorNumber               cstackBANK0   000C5
MiWiTasks@destPANID                       cstackBANK0   000CD
MiWiTasks@destShortAddress                cstackBANK0   000D0
MiWiTasks@entry                           cstackBANK0   000BF
MiWiTasks@handle                          cstackBANK0   000D4
MiWiTasks@i                               cstackBANK0   000D8
MiWiTasks@j                               cstackBANK0   000D7
MiWiTasks@j_1276                          cstackBANK0   000CC
MiWiTasks@j_1345                          cstackBANK0   000CF
MiWiTasks@j_1356                          cstackBANK0   000C6
MiWiTasks@j_1363                          cstackBANK0   000C9
MiWiTasks@mask                            cstackBANK0   000BE
MiWiTasks@rxIndex                         cstackBANK0   000CA
MiWiTasks@sourcePANID                     cstackBANK0   000D2
MiWiTasks@sourceShortAddress              cstackBANK0   000D5
MiWiTasks@t1                              cstackBANK0   000C1
MiWiTasks@t2                              cstackBANK0   000B8
MiWi_TickGet@currentTime                  cstackBANK0   00066
MiWi_TickGet@failureCounter               cstackBANK0   00065
OpenSocket@i                              cstackBANK0   000F8
PHYGetLongRAMAddr@address                 cstackBANK0   00062
PHYGetLongRAMAddr@tmpRFIE                 cstackBANK0   00067
PHYGetLongRAMAddr@toReturn                cstackBANK0   00066
PHYGetShortRAMAddr@address                cstackBANK0   00062
PHYGetShortRAMAddr@tmpRFIE                cstackBANK0   00064
PHYGetShortRAMAddr@toReturn               cstackBANK0   00063
PHYSetLongRAMAddr@address                 cstackBANK0   00062
PHYSetLongRAMAddr@tmpRFIE                 cstackBANK0   00067
PHYSetLongRAMAddr@value                   cstackBANK0   00064
PHYSetShortRAMAddr@address                cstackBANK0   00063
PHYSetShortRAMAddr@tmpRFIE                cstackBANK0   00064
PHYSetShortRAMAddr@value                  cstackBANK0   00062
RouteMessage@PANID                        cstackBANK0   000A4
RouteMessage@SecEn                        cstackBANK0   000A8
RouteMessage@ShortAddress                 cstackBANK0   000A6
RouteMessage@i                            cstackBANK0   000AD
RouteMessage@parentNode                   cstackBANK0   000AC
SPIPut@i                                  cstackBANK0   00060
SPIPut@v                                  cstackBANK0   00061
SearchForLongAddress@i                    cstackBANK0   00065
SearchForLongAddress@j                    cstackBANK0   00064
SearchForShortAddress@i                   cstackBANK0   00062
SendMACPacket@Address                     cstackBANK0   0009F
SendMACPacket@ModeMask                    cstackBANK0   000A2
SendMACPacket@PANID                       cstackBANK0   0009D
SendMACPacket@PacketType                  cstackBANK0   000A1
UnicastShortAddress@DestAddress           cstackBANK0   000AE
_ANCON0                                   (abs)         00F48
_ANCON1                                   (abs)         00F49
_AcknowledgementAddr                      bssBANK1      00131
_AcknowledgementSeq                       dataBANK1     001F7
_ActiveScanResultIndex                    bssCOMRAM     0004C
_ActiveScanResults                        bssBANK3      00300
_AddNodeToNetworkTable                    text39        0406A
_BAUDCON1bits                             (abs)         00F7E
_BankIndex                                dataCOMRAM    0005C
_BroadcastJitter                          text36        044D2
_BroadcastRecords                         bssBANK2      00200
_CommandLen                               bssBANK1      00135
_CommandPtr                               bssCOMRAM     00044
_ConnMode                                 bssCOMRAM     0004D
_ConnectionTable                          bssBANK1      0013B
_DELAY_ms                                 text5         04566
_EECON2                                   (abs)         00FA7
_I2CTask                                  text53        042D8
_I2CWrite                                 text4         04E16
_IEEESeqNum                               bssBANK1      00139
_INTCON                                   (abs)         00FF2
_INTCON2bits                              (abs)         00FF1
_INTCON3bits                              (abs)         00FF0
_INTCONbits                               (abs)         00FF2
_InitMRF24J40                             text27        038E0
_InitSymbolTimer                          text13        04ED0
_LATA                                     (abs)         00F89
_LATB                                     (abs)         00F8A
_LATBbits                                 (abs)         00F8A
_LATCbits                                 (abs)         00F8B
_LATD                                     (abs)         00F8C
_LATDbits                                 (abs)         00F8C
_LATE                                     (abs)         00F8D
_LCDCommand                               bssBANK1      00122
_LCDText                                  bssBANK2      002C0
_LCD_Initialize                           text3         04816
_MACCurrentChannel                        bssBANK1      00138
_MACInitParams                            bssBANK1      0012E
_MACRxPacket                              bssCOMRAM     0002F
_MAC_PANID                                bssCOMRAM     00058
_MRF24J40Status                           bssCOMRAM     0004E
_MTP                                      bssCOMRAM     0003A
_MiApp_ConnectionMode                     text45        04D9A
_MiApp_DiscardMessage                     text43        04F32
_MiApp_EstablishConnection                text14        0355C
_MiApp_MessageAvailable                   text19        04EF6
_MiApp_ProtocolInit                       text11        03F42
_MiApp_SearchConnection                   text17        03D8C
_MiApp_SetChannel                         text18        04E32
_MiApp_StartConnection                    text10        04908
_MiApp_UnicastAddress                     text16        02DB8
_MiMAC_DiscardPacket                      text44        04E6A
_MiMAC_Init                               text12        04C8A
_MiMAC_ReceivedPacket                     text35        022E0
_MiMAC_SendPacket                         text25        03192
_MiMAC_SetAltAddress                      text26        0497E
_MiMAC_SetChannel                         text31        04C3E
_MiWiAckRequired                          bssCOMRAM     00047
_MiWiCapacityInfo                         bssBANK1      00137
_MiWiSeqNum                               bssCOMRAM     00048
_MiWiStateMachine                         bssCOMRAM     00041
_MiWiTasks                                text20        00FF4
_MiWi_TickGet                             text38        04A96
_OSCCON                                   (abs)         00FD3
_OSCTUNEbits                              (abs)         00F9B
_OpenSocket                               text15        03B3A
_PHYGetLongRAMAddr                        text29        049E2
_PHYGetShortRAMAddr                       text28        04D0A
_PHYSetLongRAMAddr                        text33        04A3C
_PHYSetShortRAMAddr                       text32        04D3C
_PIE1bits                                 (abs)         00F9D
_PIE3bits                                 (abs)         00FA3
_PIR1bits                                 (abs)         00F9E
_PIR3bits                                 (abs)         00FA4
_PORTBbits                                (abs)         00F81
_PPSCONbits                               (abs)         00EFF
_RCREG2                                   (abs)         00FAA
_RCSTA2                                   (abs)         00F9C
_RCSTA2bits                               (abs)         00F9C
_RPINR1                                   (abs)         00EE7
_RPINR16                                  (abs)         00EF6
_RPOR17                                   (abs)         00ED7
_ResetScreen                              text7         04EE6
_RouteMessage                             text22        02962
_RouterFailures                           bssBANK1      0010A
_RoutingTable                             bssBANK1      00112
_RxBuffer                                 bssBANK2      00220
_SPBRG2                                   (abs)         00FAB
_SPBRGH2                                  (abs)         00F7D
_SPIGet                                   text30        04F14
_SPIPut                                   text34        04E4E
_SSP1BUF                                  (abs)         00FC9
_SSP1CON1                                 (abs)         00FC6
_SSP1CON1bits                             (abs)         00FC6
_SSP1STAT                                 (abs)         00FC7
_SSP2ADD                                  (abs)         00F74
_SSP2BUF                                  (abs)         00F75
_SSP2CON1                                 (abs)         00F72
_SSP2CON1bits                             (abs)         00F72
_SSP2CON2                                 (abs)         00F71
_SSP2CON2bits                             (abs)         00F71
_SSP2STAT                                 (abs)         00F73
_SYSTEM_Initialize                        text2         04684
_ScanTime                                 smallconst    00F01
_SearchForLongAddress                     text42        0438C
_SearchForShortAddress                    text41        04794
_SendBeacon                               text23        0421A
_SendMACPacket                            text24        0443C
_T1CON                                    (abs)         00FCD
_T1CONbits                                (abs)         00FCD
_TMR0L                                    (abs)         00FD6
_TMR1H                                    (abs)         00FCF
_TMR1L                                    (abs)         00FCE
_TRISA                                    (abs)         00F92
_TRISAbits                                (abs)         00F92
_TRISB                                    (abs)         00F93
_TRISBbits                                (abs)         00F93
_TRISC                                    (abs)         00F94
_TRISCbits                                (abs)         00F94
_TRISD                                    (abs)         00F95
_TRISDbits                                (abs)         00F95
_TRISE                                    (abs)         00F96
_TXREG2                                   (abs)         00FA9
_TXSTA2                                   (abs)         00FA8
_TXSTA2bits                               (abs)         00FA8
_TextLen                                  bssCOMRAM     00045
_TextPtr                                  bssCOMRAM     00043
_TxBuffer                                 bssBANK1      00196
_TxData                                   bssCOMRAM     0004A
_UnicastShortAddress                      text21        0470C
_UserInterruptHandler                     text52        04EB8
_WDTCONbits                               (abs)         00FC0
__CFG_CPUDIV$OSC3_PLL3                    (abs)         00000
__CFG_OSC$HSPLL                           (abs)         00000
__CFG_PLLDIV$2                            (abs)         00000
__CFG_WDTEN$OFF                           (abs)         00000
__CFG_XINST$OFF                           (abs)         00000
__HRAM                                    (abs)         00000
__Habs1                                   abs1          00000
__Hbank0                                  bank0         00000
__Hbank1                                  bank1         00000
__Hbank10                                 bank10        00000
__Hbank11                                 bank11        00000
__Hbank12                                 bank12        00000
__Hbank13                                 bank13        00000
__Hbank14                                 bank14        00000
__Hbank2                                  bank2         00000
__Hbank3                                  bank3         00000
__Hbank4                                  bank4         00000
__Hbank5                                  bank5         00000
__Hbank6                                  bank6         00000
__Hbank7                                  bank7         00000
__Hbank8                                  bank8         00000
__Hbank9                                  bank9         00000
__Hbigbss                                 bigbss        00000
__Hbigdata                                bigdata       00000
__Hbigram                                 bigram        00000
__Hbss                                    bss           00000
__HbssBANK1                               bssBANK1      00000
__HbssBANK2                               bssBANK2      00000
__HbssBANK3                               bssBANK3      00000
__HbssCOMRAM                              bssCOMRAM     00000
__Hcinit                                  cinit         00000
__Hclrtext                                clrtext       00000
__Hcomram                                 comram        00000
__Hconfig                                 config        10000
__Hconst                                  const         00000
__HcstackBANK0                            cstackBANK0   00000
__HcstackBANK1                            cstackBANK1   00000
__HcstackCOMRAM                           cstackCOMRAM  00000
__Hdata                                   data          00000
__HdataBANK1                              dataBANK1     00000
__HdataCOMRAM                             dataCOMRAM    00000
__Hfarbss                                 farbss        00000
__Hfardata                                fardata       00000
__Hibigdata                               ibigdata      00000
__Hidata                                  idata         00000
__HidataBANK1                             idataBANK1    00000
__HidataCOMRAM                            idataCOMRAM   00000
__Hidloc                                  idloc         00000
__Hifardata                               ifardata      00000
__Hinit                                   init          00216
__Hintcode                                intcode       00212
__Hintcode_body                           intcode_body  00000
__Hintcodelo                              intcodelo     00212
__Hintentry                               intentry      00000
__Hintret                                 intret        00000
__Hintsave_regs                           intsave_regs  00000
__Hirdata                                 irdata        00000
__Hjflash_buffer                          jflash_buffer 0F800
__Hmediumconst                            mediumconst   00000
__HnvFARRAM                               nvFARRAM      00000
__Hnvbit                                  nvbit         00000
__Hnvrram                                 nvrram        00000
__Hparam                                  rparam        00000
__Hpowerup                                powerup       00212
__Hram                                    ram           00000
__Hramtop                                 ramtop        00F00
__Hrbit                                   rbit          00000
__Hrbss                                   rbss          00000
__Hrdata                                  rdata         00000
__Hreset_vec                              reset_vec     00004
__Hrparam                                 rparam        00000
__Hsfr                                    sfr           00000
__Hsmallconst                             smallconst    00FF4
__Hspace_0                                (abs)         10000
__Hspace_1                                (abs)         0038C
__Hspace_2                                (abs)         00000
__Hstack                                  stack         00000
__Hstruct                                 struct        00000
__Htemp                                   temp          0005E
__Htext                                   text          00000
__Htext0                                  text0         00000
__Htext1                                  text1         00000
__Htext10                                 text10        00000
__Htext11                                 text11        00000
__Htext12                                 text12        00000
__Htext13                                 text13        00000
__Htext14                                 text14        00000
__Htext15                                 text15        00000
__Htext16                                 text16        00000
__Htext17                                 text17        00000
__Htext18                                 text18        00000
__Htext19                                 text19        00000
__Htext2                                  text2         00000
__Htext20                                 text20        00000
__Htext21                                 text21        00000
__Htext22                                 text22        00000
__Htext23                                 text23        00000
__Htext24                                 text24        00000
__Htext25                                 text25        00000
__Htext26                                 text26        00000
__Htext27                                 text27        00000
__Htext28                                 text28        00000
__Htext29                                 text29        00000
__Htext3                                  text3         00000
__Htext30                                 text30        00000
__Htext31                                 text31        00000
__Htext32                                 text32        00000
__Htext33                                 text33        00000
__Htext34                                 text34        00000
__Htext35                                 text35        00000
__Htext36                                 text36        00000
__Htext37                                 text37        00000
__Htext38                                 text38        00000
__Htext39                                 text39        00000
__Htext4                                  text4         00000
__Htext40                                 text40        00000
__Htext41                                 text41        00000
__Htext42                                 text42        00000
__Htext43                                 text43        00000
__Htext44                                 text44        00000
__Htext45                                 text45        00000
__Htext47                                 text47        00000
__Htext48                                 text48        00000
__Htext49                                 text49        00000
__Htext5                                  text5         00000
__Htext50                                 text50        00000
__Htext51                                 text51        00000
__Htext52                                 text52        00000
__Htext53                                 text53        00000
__Htext54                                 text54        00000
__Htext55                                 text55        00000
__Htext6                                  text6         00000
__Htext7                                  text7         00000
__Htext8                                  text8         00000
__Htext9                                  text9         00000
__LRAM                                    (abs)         00001
__Labs1                                   abs1          00000
__Lbank0                                  bank0         00000
__Lbank1                                  bank1         00000
__Lbank10                                 bank10        00000
__Lbank11                                 bank11        00000
__Lbank12                                 bank12        00000
__Lbank13                                 bank13        00000
__Lbank14                                 bank14        00000
__Lbank2                                  bank2         00000
__Lbank3                                  bank3         00000
__Lbank4                                  bank4         00000
__Lbank5                                  bank5         00000
__Lbank6                                  bank6         00000
__Lbank7                                  bank7         00000
__Lbank8                                  bank8         00000
__Lbank9                                  bank9         00000
__Lbigbss                                 bigbss        00000
__Lbigdata                                bigdata       00000
__Lbigram                                 bigram        00000
__Lbss                                    bss           00000
__LbssBANK1                               bssBANK1      00000
__LbssBANK2                               bssBANK2      00000
__LbssBANK3                               bssBANK3      00000
__LbssCOMRAM                              bssCOMRAM     00000
__Lcinit                                  cinit         00000
__Lclrtext                                clrtext       00000
__Lcomram                                 comram        00000
__Lconfig                                 config        0FFF8
__Lconst                                  const         00000
__LcstackBANK0                            cstackBANK0   00000
__LcstackBANK1                            cstackBANK1   00000
__LcstackCOMRAM                           cstackCOMRAM  00000
__Ldata                                   data          00000
__LdataBANK1                              dataBANK1     00000
__LdataCOMRAM                             dataCOMRAM    00000
__Lfarbss                                 farbss        00000
__Lfardata                                fardata       00000
__Libigdata                               ibigdata      00000
__Lidata                                  idata         00000
__LidataBANK1                             idataBANK1    00000
__LidataCOMRAM                            idataCOMRAM   00000
__Lidloc                                  idloc         00000
__Lifardata                               ifardata      00000
__Linit                                   init          00212
__Lintcode                                intcode       00008
__Lintcode_body                           intcode_body  00000
__Lintcodelo                              intcodelo     00212
__Lintentry                               intentry      00000
__Lintret                                 intret        00000
__Lintsave_regs                           intsave_regs  00000
__Lirdata                                 irdata        00000
__Ljflash_buffer                          jflash_buffer 0F800
__Lmediumconst                            mediumconst   00000
__LnvFARRAM                               nvFARRAM      00000
__Lnvbit                                  nvbit         00000
__Lnvrram                                 nvrram        00000
__Lparam                                  rparam        00000
__Lpowerup                                powerup       00212
__Lram                                    ram           00000
__Lramtop                                 ramtop        00F00
__Lrbit                                   rbit          00000
__Lrbss                                   rbss          00000
__Lrdata                                  rdata         00000
__Lreset_vec                              reset_vec     00000
__Lrparam                                 rparam        00000
__Lsfr                                    sfr           00000
__Lsmallconst                             smallconst    00F00
__Lspace_0                                (abs)         00000
__Lspace_1                                (abs)         00000
__Lspace_2                                (abs)         00000
__Lstack                                  stack         00000
__Lstruct                                 struct        00000
__Ltemp                                   temp          0005D
__Ltext                                   text          00000
__Ltext0                                  text0         00000
__Ltext1                                  text1         00000
__Ltext10                                 text10        00000
__Ltext11                                 text11        00000
__Ltext12                                 text12        00000
__Ltext13                                 text13        00000
__Ltext14                                 text14        00000
__Ltext15                                 text15        00000
__Ltext16                                 text16        00000
__Ltext17                                 text17        00000
__Ltext18                                 text18        00000
__Ltext19                                 text19        00000
__Ltext2                                  text2         00000
__Ltext20                                 text20        00000
__Ltext21                                 text21        00000
__Ltext22                                 text22        00000
__Ltext23                                 text23        00000
__Ltext24                                 text24        00000
__Ltext25                                 text25        00000
__Ltext26                                 text26        00000
__Ltext27                                 text27        00000
__Ltext28                                 text28        00000
__Ltext29                                 text29        00000
__Ltext3                                  text3         00000
__Ltext30                                 text30        00000
__Ltext31                                 text31        00000
__Ltext32                                 text32        00000
__Ltext33                                 text33        00000
__Ltext34                                 text34        00000
__Ltext35                                 text35        00000
__Ltext36                                 text36        00000
__Ltext37                                 text37        00000
__Ltext38                                 text38        00000
__Ltext39                                 text39        00000
__Ltext4                                  text4         00000
__Ltext40                                 text40        00000
__Ltext41                                 text41        00000
__Ltext42                                 text42        00000
__Ltext43                                 text43        00000
__Ltext44                                 text44        00000
__Ltext45                                 text45        00000
__Ltext47                                 text47        00000
__Ltext48                                 text48        00000
__Ltext49                                 text49        00000
__Ltext5                                  text5         00000
__Ltext50                                 text50        00000
__Ltext51                                 text51        00000
__Ltext52                                 text52        00000
__Ltext53                                 text53        00000
__Ltext54                                 text54        00000
__Ltext55                                 text55        00000
__Ltext6                                  text6         00000
__Ltext7                                  text7         00000
__Ltext8                                  text8         00000
__Ltext9                                  text9         00000
__S0                                      (abs)         10000
__S1                                      (abs)         0038C
__S2                                      (abs)         00000
___inthi_sp                               stack         00000
___intlo_sp                               stack         00000
___lbmod                                  text37        04D6C
___lbmod@counter                          cstackBANK0   00062
___lbmod@dividend                         cstackBANK0   00061
___lbmod@divisor                          cstackBANK0   00060
___lbmod@rem                              cstackBANK0   00063
___lmul                                   text6         04AF0
___lmul@multiplicand                      cstackBANK0   00064
___lmul@multiplier                        cstackBANK0   00060
___lmul@product                           cstackBANK0   00068
___param_bank                             (abs)         00000
___rparam_used                            (abs)         00001
___sp                                     stack         00000
__accesstop                               (abs)         00060
__activetblptr                            (abs)         00002
__end_of_AddNodeToNetworkTable            text39        04148
__end_of_BroadcastJitter                  text36        04566
__end_of_DELAY_ms                         text5         045F8
__end_of_I2CTask                          text53        0438C
__end_of_I2CWrite                         text4         04E32
__end_of_InitMRF24J40                     text27        03B3A
__end_of_InitSymbolTimer                  text13        04EE6
__end_of_LCD_Initialize                   text3         04892
__end_of_MiApp_ConnectionMode             text45        04DC4
__end_of_MiApp_DiscardMessage             text43        04F3A
__end_of_MiApp_EstablishConnection        text14        038E0
__end_of_MiApp_MessageAvailable           text19        04F06
__end_of_MiApp_ProtocolInit               text11        0406A
__end_of_MiApp_SearchConnection           text17        03F42
__end_of_MiApp_SetChannel                 text18        04E4E
__end_of_MiApp_StartConnection            text10        0497E
__end_of_MiApp_UnicastAddress             text16        03192
__end_of_MiMAC_DiscardPacket              text44        04E86
__end_of_MiMAC_Init                       text12        04CCE
__end_of_MiMAC_ReceivedPacket             text35        02962
__end_of_MiMAC_SendPacket                 text25        0355C
__end_of_MiMAC_SetAltAddress              text26        049E2
__end_of_MiMAC_SetChannel                 text31        04C8A
__end_of_MiWiTasks                        text20        022E0
__end_of_MiWi_TickGet                     text38        04AF0
__end_of_OpenSocket                       text15        03D8C
__end_of_PHYGetLongRAMAddr                text29        04A3C
__end_of_PHYGetShortRAMAddr               text28        04D3C
__end_of_PHYSetLongRAMAddr                text33        04A96
__end_of_PHYSetShortRAMAddr               text32        04D6C
__end_of_ResetScreen                      text7         04EF6
__end_of_RouteMessage                     text22        02DB8
__end_of_SPIGet                           text30        04F1E
__end_of_SPIPut                           text34        04E6A
__end_of_SYSTEM_Initialize                text2         0470C
__end_of_ScanTime                         smallconst    00F3D
__end_of_SearchForLongAddress             text42        0443C
__end_of_SearchForShortAddress            text41        04816
__end_of_SendBeacon                       text23        042D8
__end_of_SendMACPacket                    text24        044D2
__end_of_UnicastShortAddress              text21        04794
__end_of_UserInterruptHandler             text52        04ED0
__end_of___lbmod                          text37        04D9A
__end_of___lmul                           text6         04B48
__end_of__initialization                  cinit         048FA
__end_of__uartPrint                       text8         04C3E
__end_of_dpowers                          smallconst    00F53
__end_of_findNextNetworkEntry             text40        04D0A
__end_of_hexpowers                        smallconst    00F5B
__end_of_high_isr                         intcode       00212
__end_of_main                             text0         0421A
__end_of_octpowers                        smallconst    00F49
__end_of_uartInitialize                   text1         04EB8
__end_of_uartWrite                        text9         04F14
__end_ofi2_DELAY_ms                       text54        04684
__end_ofi2_PHYGetLongRAMAddr              text49        04BF0
__end_ofi2_PHYGetShortRAMAddr             text48        04DEE
__end_ofi2_PHYSetShortRAMAddr             text47        04E16
__end_ofi2_SPIGet                         text50        04F28
__end_ofi2_SPIPut                         text51        04EA0
__end_ofi2___lmul                         text55        04B9E
__initialization                          cinit         04892
__mediumconst                             mediumconst   00000
__pbssBANK1                               bssBANK1      00100
__pbssBANK2                               bssBANK2      00200
__pbssBANK3                               bssBANK3      00300
__pbssCOMRAM                              bssCOMRAM     0002F
__pcinit                                  cinit         04892
__pcstackBANK0                            cstackBANK0   00060
__pcstackBANK1                            cstackBANK1   001E5
__pcstackCOMRAM                           cstackCOMRAM  00001
__pdataBANK1                              dataBANK1     001F7
__pdataCOMRAM                             dataCOMRAM    0005B
__pidataBANK1                             idataBANK1    04F28
__pidataCOMRAM                            idataCOMRAM   04F3A
__pintcode                                intcode       00008
__psmallconst                             smallconst    00F00
__ptext0                                  text0         04148
__ptext1                                  text1         04EA0
__ptext10                                 text10        04908
__ptext11                                 text11        03F42
__ptext12                                 text12        04C8A
__ptext13                                 text13        04ED0
__ptext14                                 text14        0355C
__ptext15                                 text15        03B3A
__ptext16                                 text16        02DB8
__ptext17                                 text17        03D8C
__ptext18                                 text18        04E32
__ptext19                                 text19        04EF6
__ptext2                                  text2         04684
__ptext20                                 text20        00FF4
__ptext21                                 text21        0470C
__ptext22                                 text22        02962
__ptext23                                 text23        0421A
__ptext24                                 text24        0443C
__ptext25                                 text25        03192
__ptext26                                 text26        0497E
__ptext27                                 text27        038E0
__ptext28                                 text28        04D0A
__ptext29                                 text29        049E2
__ptext3                                  text3         04816
__ptext30                                 text30        04F14
__ptext31                                 text31        04C3E
__ptext32                                 text32        04D3C
__ptext33                                 text33        04A3C
__ptext34                                 text34        04E4E
__ptext35                                 text35        022E0
__ptext36                                 text36        044D2
__ptext37                                 text37        04D6C
__ptext38                                 text38        04A96
__ptext39                                 text39        0406A
__ptext4                                  text4         04E16
__ptext40                                 text40        04CCE
__ptext41                                 text41        04794
__ptext42                                 text42        0438C
__ptext43                                 text43        04F32
__ptext44                                 text44        04E6A
__ptext45                                 text45        04D9A
__ptext47                                 text47        04DEE
__ptext48                                 text48        04DC4
__ptext49                                 text49        04B9E
__ptext5                                  text5         04566
__ptext50                                 text50        04F1E
__ptext51                                 text51        04E86
__ptext52                                 text52        04EB8
__ptext53                                 text53        042D8
__ptext54                                 text54        045F8
__ptext55                                 text55        04B48
__ptext6                                  text6         04AF0
__ptext7                                  text7         04EE6
__ptext8                                  text8         04BF0
__ptext9                                  text9         04F06
__ramtop                                  ramtop        00F00
__size_of_AddNodeToNetworkTable           (abs)         00000
__size_of_BroadcastJitter                 (abs)         00000
__size_of_DELAY_ms                        (abs)         00000
__size_of_I2CTask                         (abs)         00000
__size_of_I2CWrite                        (abs)         00000
__size_of_InitMRF24J40                    (abs)         00000
__size_of_InitSymbolTimer                 (abs)         00000
__size_of_LCD_Initialize                  (abs)         00000
__size_of_MiApp_ConnectionMode            (abs)         00000
__size_of_MiApp_DiscardMessage            (abs)         00000
__size_of_MiApp_EstablishConnection       (abs)         00000
__size_of_MiApp_MessageAvailable          (abs)         00000
__size_of_MiApp_ProtocolInit              (abs)         00000
__size_of_MiApp_SearchConnection          (abs)         00000
__size_of_MiApp_SetChannel                (abs)         00000
__size_of_MiApp_StartConnection           (abs)         00000
__size_of_MiApp_UnicastAddress            (abs)         00000
__size_of_MiMAC_DiscardPacket             (abs)         00000
__size_of_MiMAC_Init                      (abs)         00000
__size_of_MiMAC_ReceivedPacket            (abs)         00000
__size_of_MiMAC_SendPacket                (abs)         00000
__size_of_MiMAC_SetAltAddress             (abs)         00000
__size_of_MiMAC_SetChannel                (abs)         00000
__size_of_MiWiTasks                       (abs)         00000
__size_of_MiWi_TickGet                    (abs)         00000
__size_of_OpenSocket                      (abs)         00000
__size_of_PHYGetLongRAMAddr               (abs)         00000
__size_of_PHYGetShortRAMAddr              (abs)         00000
__size_of_PHYSetLongRAMAddr               (abs)         00000
__size_of_PHYSetShortRAMAddr              (abs)         00000
__size_of_ResetScreen                     (abs)         00000
__size_of_RouteMessage                    (abs)         00000
__size_of_SPIGet                          (abs)         00000
__size_of_SPIPut                          (abs)         00000
__size_of_SYSTEM_Initialize               (abs)         00000
__size_of_SearchForLongAddress            (abs)         00000
__size_of_SearchForShortAddress           (abs)         00000
__size_of_SendBeacon                      (abs)         00000
__size_of_SendMACPacket                   (abs)         00000
__size_of_UnicastShortAddress             (abs)         00000
__size_of_UserInterruptHandler            (abs)         00000
__size_of___lbmod                         (abs)         00000
__size_of___lmul                          (abs)         00000
__size_of__uartPrint                      (abs)         00000
__size_of_findNextNetworkEntry            (abs)         00000
__size_of_high_isr                        (abs)         00000
__size_of_main                            (abs)         00000
__size_of_uartInitialize                  (abs)         00000
__size_of_uartWrite                       (abs)         00000
__size_ofi2_DELAY_ms                      (abs)         00000
__size_ofi2_PHYGetLongRAMAddr             (abs)         00000
__size_ofi2_PHYGetShortRAMAddr            (abs)         00000
__size_ofi2_PHYSetShortRAMAddr            (abs)         00000
__size_ofi2_SPIGet                        (abs)         00000
__size_ofi2_SPIPut                        (abs)         00000
__size_ofi2___lmul                        (abs)         00000
__smallconst                              smallconst    00F00
__uartPrint                               text8         04BF0
__uartPrint@i                             cstackBANK0   00065
__uartPrint@str                           cstackBANK0   00061
_currentChannel                           bssCOMRAM     0005A
_defaultHops                              dataCOMRAM    0005B
_dpowers                                  smallconst    00F49
_failureCounter                           bssBANK1      00133
_findNextNetworkEntry                     text40        04CCE
_hexpowers                                smallconst    00F53
_high_isr                                 intcode       00008
_knownCoordinators                        bssBANK1      00136
_main                                     text0         04148
_myLongAddress                            dataBANK1     001F8
_myNetworkAddress                         bssCOMRAM     00056
_myPANID                                  bssCOMRAM     00050
_myParent                                 bssCOMRAM     00049
_myShortAddress                           bssCOMRAM     00052
_octpowers                                smallconst    00F3D
_openSocketInfo                           bssBANK1      001C9
_role                                     bssCOMRAM     00046
_rxMessage                                bssBANK1      00100
_switch0PressTime                         bssBANK1      0012A
_switch1PressTime                         bssBANK1      00126
_tempLongAddress                          bssBANK1      0011A
_tempNodeStatus                           bssCOMRAM     0004B
_tempPANID                                bssBANK1      001E3
_tempShortAddress                         bssCOMRAM     00054
_timerExtension1                          bssCOMRAM     0004F
_timerExtension2                          bssBANK1      0013A
_uartInitialize                           text1         04EA0
_uartWrite                                text9         04F06
btemp                                     temp          0005D
end_of_initialization                     cinit         048FA
findNextNetworkEntry@i                    cstackBANK0   00060
high_isr@RxBank                           cstackCOMRAM  0002D
high_isr@flags                            cstackCOMRAM  0002B
high_isr@i                                cstackCOMRAM  0002E
high_isr@results                          cstackCOMRAM  0002A
i2DELAY_ms@cyclesRequiredForEntireDelay   cstackCOMRAM  0000F
i2DELAY_ms@ms                             cstackCOMRAM  0000D
i2PHYGetLongRAMAddr@address               cstackCOMRAM  00003
i2PHYGetLongRAMAddr@tmpRFIE               cstackCOMRAM  00008
i2PHYGetLongRAMAddr@toReturn              cstackCOMRAM  00007
i2PHYGetShortRAMAddr@address              cstackCOMRAM  00003
i2PHYGetShortRAMAddr@tmpRFIE              cstackCOMRAM  00005
i2PHYGetShortRAMAddr@toReturn             cstackCOMRAM  00004
i2PHYSetShortRAMAddr@address              cstackCOMRAM  00004
i2PHYSetShortRAMAddr@tmpRFIE              cstackCOMRAM  00005
i2PHYSetShortRAMAddr@value                cstackCOMRAM  00003
i2SPIPut@i                                cstackCOMRAM  00001
i2SPIPut@v                                cstackCOMRAM  00002
i2_DELAY_ms                               text54        045F8
i2_PHYGetLongRAMAddr                      text49        04B9E
i2_PHYGetShortRAMAddr                     text48        04DC4
i2_PHYSetShortRAMAddr                     text47        04DEE
i2_SPIGet                                 text50        04F1E
i2_SPIPut                                 text51        04E86
i2___lmul                                 text55        04B48
i2___lmul@multiplicand                    cstackCOMRAM  00005
i2___lmul@multiplier                      cstackCOMRAM  00001
i2___lmul@product                         cstackCOMRAM  00009
int$flags                                 temp          0005D
intlevel0                                 text          00000
intlevel1                                 text          00000
intlevel2                                 text          00000
intlevel3                                 text          00000
main@Connect                              cstackBANK0   000FA
main@idx                                  cstackBANK0   000FB
stackhi                                   (abs)         00EBF
stacklo                                   (abs)         0038C
start                                     init          00212
start_initialization                      cinit         04892
uartWrite@c                               cstackBANK0   00060
wtemp6                                    temp          0005E


FUNCTION INFORMATION:

 *************** function _main *****************
 Defined at:
		line 42 in file "C:/Users/tpeea/Documents/MPLABXProjects/Projet_Zigbee/firmware/src/main.c"
 Parameters:    Size  Location     Type
		None
 Auto vars:     Size  Location     Type
  idx             1  155[BANK0 ] unsigned char 
  Connect         1  154[BANK0 ] unsigned char 
 Return value:  Size  Location     Type
                  1    wreg      void 
 Registers used:
		wreg, fsr0l, fsr0h, fsr1l, fsr1h, fsr2l, fsr2h, status,2, status,0, tblptrl, tblptrh, tblptru, prodl, prodh, cstack
 Tracked objects:
		On entry : 
		On exit  : 
		Unchanged: 
 Data sizes:     COMRAM   BANK0   BANK1   BANK2   BANK3   BANK4   BANK5   BANK6   BANK7   BANK8   BANK9  BANK10  BANK11  BANK12  BANK13  BANK14
      Params:         0       0       0       0       0       0       0       0       0       0       0       0       0       0       0       0
      Locals:         0       2       0       0       0       0       0       0       0       0       0       0       0       0       0       0
      Temps:          0       0       0       0       0       0       0       0       0       0       0       0       0       0       0       0
      Totals:         0       2       0       0       0       0       0       0       0       0       0       0       0       0       0       0
Total ram usage:        2 bytes
 Hardware stack levels required when called:   19
 This function calls:
		_MiApp_ConnectionMode
		_MiApp_EstablishConnection
		_MiApp_MessageAvailable
		_MiApp_ProtocolInit
		_MiApp_SearchConnection
		_MiApp_SetChannel
		_MiApp_StartConnection
		_ResetScreen
		_SYSTEM_Initialize
		__uartPrint
		_uartInitialize
 This function is called by:
		Startup code after reset
 This function uses a non-reentrant model


 *************** function _uartInitialize *****************
 Defined at:
		line 28 in file "C:/Users/tpeea/Documents/MPLABXProjects/Projet_Zigbee/firmware/src/VT100.c"
 Parameters:    Size  Location     Type
		None
 Auto vars:     Size  Location     Type
		None
 Return value:  Size  Location     Type
                  1    wreg      void 
 Registers used:
		wreg, status,2
 Tracked objects:
		On entry : 
		On exit  : 
		Unchanged: 
 Data sizes:     COMRAM   BANK0   BANK1   BANK2   BANK3   BANK4   BANK5   BANK6   BANK7   BANK8   BANK9  BANK10  BANK11  BANK12  BANK13  BANK14
      Params:         0       0       0       0       0       0       0       0       0       0       0       0       0       0       0       0
      Locals:         0       0       0       0       0       0       0       0       0       0       0       0       0       0       0       0
      Temps:          0       0       0       0       0       0       0       0       0       0       0       0       0       0       0       0
      Totals:         0       0       0       0       0       0       0       0       0       0       0       0       0       0       0       0
Total ram usage:        0 bytes
 Hardware stack levels used:    1
 Hardware stack levels required when called:    5
 This function calls:
		Nothing
 This function is called by:
		_main
 This function uses a non-reentrant model


 *************** function _SYSTEM_Initialize *****************
 Defined at:
		line 60 in file "C:/Users/tpeea/Documents/MPLABXProjects/Projet_Zigbee/firmware/src/system_config/8bitwdk_pic18f46j50_24j40/system.c"
 Parameters:    Size  Location     Type
		None
 Auto vars:     Size  Location     Type
		None
 Return value:  Size  Location     Type
                  1    wreg      void 
 Registers used:
		wreg, status,2, status,0, cstack
 Tracked objects:
		On entry : 
		On exit  : 
		Unchanged: 
 Data sizes:     COMRAM   BANK0   BANK1   BANK2   BANK3   BANK4   BANK5   BANK6   BANK7   BANK8   BANK9  BANK10  BANK11  BANK12  BANK13  BANK14
      Params:         0       0       0       0       0       0       0       0       0       0       0       0       0       0       0       0
      Locals:         0       0       0       0       0       0       0       0       0       0       0       0       0       0       0       0
      Temps:          0       0       0       0       0       0       0       0       0       0       0       0       0       0       0       0
      Totals:         0       0       0       0       0       0       0       0       0       0       0       0       0       0       0       0
Total ram usage:        0 bytes
 Hardware stack levels used:    1
 Hardware stack levels required when called:    8
 This function calls:
		_LCD_Initialize
 This function is called by:
		_main
 This function uses a non-reentrant model


 *************** function _LCD_Initialize *****************
 Defined at:
		line 149 in file "C:/Users/tpeea/Documents/MPLABXProjects/Projet_Zigbee/firmware/src/system_config/8bitwdk_pic18f46j50_24j40/lcd.c"
 Parameters:    Size  Location     Type
		None
 Auto vars:     Size  Location     Type
		None
 Return value:  Size  Location     Type
                  1    wreg      void 
 Registers used:
		wreg, status,2, status,0, cstack
 Tracked objects:
		On entry : 
		On exit  : 
		Unchanged: 
 Data sizes:     COMRAM   BANK0   BANK1   BANK2   BANK3   BANK4   BANK5   BANK6   BANK7   BANK8   BANK9  BANK10  BANK11  BANK12  BANK13  BANK14
      Params:         0       0       0       0       0       0       0       0       0       0       0       0       0       0       0       0
      Locals:         0       0       0       0       0       0       0       0       0       0       0       0       0       0       0       0
      Temps:          0       0       0       0       0       0       0       0       0       0       0       0       0       0       0       0
      Totals:         0       0       0       0       0       0       0       0       0       0       0       0       0       0       0       0
Total ram usage:        0 bytes
 Hardware stack levels used:    1
 Hardware stack levels required when called:    7
 This function calls:
		_DELAY_ms
		_I2CWrite
 This function is called by:
		_SYSTEM_Initialize
 This function uses a non-reentrant model


 *************** function _I2CWrite *****************
 Defined at:
		line 123 in file "C:/Users/tpeea/Documents/MPLABXProjects/Projet_Zigbee/firmware/src/system_config/8bitwdk_pic18f46j50_24j40/lcd.c"
 Parameters:    Size  Location     Type
  Commandlen      1    wreg     unsigned char 
  BufferLen       1    0[BANK0 ] unsigned char 
 Auto vars:     Size  Location     Type
  Commandlen      1    1[BANK0 ] unsigned char 
 Return value:  Size  Location     Type
                  1    wreg      void 
 Registers used:
		wreg, status,2
 Tracked objects:
		On entry : 
		On exit  : 
		Unchanged: 
 Data sizes:     COMRAM   BANK0   BANK1   BANK2   BANK3   BANK4   BANK5   BANK6   BANK7   BANK8   BANK9  BANK10  BANK11  BANK12  BANK13  BANK14
      Params:         0       1       0       0       0       0       0       0       0       0       0       0       0       0       0       0
      Locals:         0       1       0       0       0       0       0       0       0       0       0       0       0       0       0       0
      Temps:          0       0       0       0       0       0       0       0       0       0       0       0       0       0       0       0
      Totals:         0       2       0       0       0       0       0       0       0       0       0       0       0       0       0       0
Total ram usage:        2 bytes
 Hardware stack levels used:    1
 Hardware stack levels required when called:    5
 This function calls:
		Nothing
 This function is called by:
		_LCD_Initialize
		_LCD_Update
		_LCDBacklightON
		_LCDBacklightOFF
 This function uses a non-reentrant model


 *************** function _DELAY_ms *****************
 Defined at:
		line 108 in file "C:/Users/tpeea/Documents/MPLABXProjects/Projet_Zigbee/firmware/src/system_config/8bitwdk_pic18f46j50_24j40/delay.c"
 Parameters:    Size  Location     Type
  ms              2   12[BANK0 ] unsigned int 
 Auto vars:     Size  Location     Type
  cyclesRequir    4   14[BANK0 ] long 
 Return value:  Size  Location     Type
                  1    wreg      void 
 Registers used:
		wreg, status,2, status,0, cstack
 Tracked objects:
		On entry : 
		On exit  : 
		Unchanged: 
 Data sizes:     COMRAM   BANK0   BANK1   BANK2   BANK3   BANK4   BANK5   BANK6   BANK7   BANK8   BANK9  BANK10  BANK11  BANK12  BANK13  BANK14
      Params:         0       2       0       0       0       0       0       0       0       0       0       0       0       0       0       0
      Locals:         0       4       0       0       0       0       0       0       0       0       0       0       0       0       0       0
      Temps:          0       0       0       0       0       0       0       0       0       0       0       0       0       0       0       0
      Totals:         0       6       0       0       0       0       0       0       0       0       0       0       0       0       0       0
Total ram usage:        6 bytes
 Hardware stack levels used:    1
 Hardware stack levels required when called:    6
 This function calls:
		___lmul
 This function is called by:
		_LCD_Initialize
		_LCDDisplay
		_LCDBacklightON
		_LCDBacklightOFF
 This function uses a non-reentrant model


 *************** function ___lmul *****************
 Defined at:
		line 15 in file "C:\Program Files (x86)\Microchip\xc8\v1.45\sources\common\Umul32.c"
 Parameters:    Size  Location     Type
  multiplier      4    0[BANK0 ] unsigned long 
  multiplicand    4    4[BANK0 ] unsigned long 
 Auto vars:     Size  Location     Type
  product         4    8[BANK0 ] unsigned long 
 Return value:  Size  Location     Type
                  4    0[BANK0 ] unsigned long 
 Registers used:
		wreg, status,2, status,0
 Tracked objects:
		On entry : 
		On exit  : 
		Unchanged: 
 Data sizes:     COMRAM   BANK0   BANK1   BANK2   BANK3   BANK4   BANK5   BANK6   BANK7   BANK8   BANK9  BANK10  BANK11  BANK12  BANK13  BANK14
      Params:         0       8       0       0       0       0       0       0       0       0       0       0       0       0       0       0
[...]
 This function calls:
		_UserInterruptHandler
		i2_PHYGetLongRAMAddr
		i2_PHYGetShortRAMAddr
		i2_PHYSetShortRAMAddr
 This function is called by:
		Interrupt level 2
 This function uses a non-reentrant model


 *************** function i2_PHYSetShortRAMAddr *****************
 Defined at:
		line 124 in file "C:/Users/tpeea/Documents/MPLABXProjects/MLA/framework/driver/mrf_miwi/src/drv_mrf_miwi_24j40.c"
 Parameters:    Size  Location     Type
  address         1    wreg     unsigned char 
  value           1    2[COMRAM] unsigned char 
 Auto vars:     Size  Location     Type
  address         1    3[COMRAM] unsigned char 
  PHYSetShortR    1    4[COMRAM] volatile unsigned char 
 Return value:  Size  Location     Type
                  1    wreg      void 
 Registers used:
		wreg, status,2, cstack
 Tracked objects:
		On entry : 
		On exit  : 
		Unchanged: 
 Data sizes:     COMRAM   BANK0   BANK1   BANK2   BANK3   BANK4   BANK5   BANK6   BANK7   BANK8   BANK9  BANK10  BANK11  BANK12  BANK13  BANK14
      Params:         1       0       0       0       0       0       0       0       0       0       0       0       0       0       0       0
      Locals:         2       0       0       0       0       0       0       0       0       0       0       0       0       0       0       0
      Temps:          0       0       0       0       0       0       0       0       0       0       0       0       0       0       0       0
      Totals:         3       0       0       0       0       0       0       0       0       0       0       0       0       0       0       0
Total ram usage:        3 bytes
 Hardware stack levels used:    1
 Hardware stack levels required when called:    1
 This function calls:
		i2_SPIPut
 This function is called by:
		_high_isr
 This function uses a non-reentrant model


 *************** function i2_PHYGetShortRAMAddr *****************
 Defined at:
		line 154 in file "C:/Users/tpeea/Documents/MPLABXProjects/MLA/framework/driver/mrf_miwi/src/drv_mrf_miwi_24j40.c"
 Parameters:    Size  Location     Type
  address         1    wreg     unsigned char 
 Auto vars:     Size  Location     Type
  address         1    2[COMRAM] unsigned char 
  PHYGetShortR    1    4[COMRAM] volatile unsigned char 
  PHYGetShortR    1    3[COMRAM] unsigned char 
 Return value:  Size  Location     Type
                  1    wreg      unsigned char 
 Registers used:
		wreg, status,2, cstack
 Tracked objects:
		On entry : 
		On exit  : 
		Unchanged: 
 Data sizes:     COMRAM   BANK0   BANK1   BANK2   BANK3   BANK4   BANK5   BANK6   BANK7   BANK8   BANK9  BANK10  BANK11  BANK12  BANK13  BANK14
      Params:         0       0       0       0       0       0       0       0       0       0       0       0       0       0       0       0
      Locals:         3       0       0       0       0       0       0       0       0       0       0       0       0       0       0       0
      Temps:          0       0       0       0       0       0       0       0       0       0       0       0       0       0       0       0
      Totals:         3       0       0       0       0       0       0       0       0       0       0       0       0       0       0       0
Total ram usage:        3 bytes
 Hardware stack levels used:    1
 Hardware stack levels required when called:    2
 This function calls:
		i2_SPIGet
		i2_SPIPut
 This function is called by:
		_high_isr
 This function uses a non-reentrant model


 *************** function i2_PHYGetLongRAMAddr *****************
 Defined at:
		line 185 in file "C:/Users/tpeea/Documents/MPLABXProjects/MLA/framework/driver/mrf_miwi/src/drv_mrf_miwi_24j40.c"
 Parameters:    Size  Location     Type
  address         2    2[COMRAM] unsigned int 
 Auto vars:     Size  Location     Type
  PHYGetLongRA    1    7[COMRAM] volatile unsigned char 
  PHYGetLongRA    1    6[COMRAM] unsigned char 
 Return value:  Size  Location     Type
                  1    wreg      unsigned char 
 Registers used:
		wreg, status,2, status,0, cstack
 Tracked objects:
		On entry : 
		On exit  : 
		Unchanged: 
 Data sizes:     COMRAM   BANK0   BANK1   BANK2   BANK3   BANK4   BANK5   BANK6   BANK7   BANK8   BANK9  BANK10  BANK11  BANK12  BANK13  BANK14
      Params:         2       0       0       0       0       0       0       0       0       0       0       0       0       0       0       0
      Locals:         2       0       0       0       0       0       0       0       0       0       0       0       0       0       0       0
      Temps:          2       0       0       0       0       0       0       0       0       0       0       0       0       0       0       0
      Totals:         6       0       0       0       0       0       0       0       0       0       0       0       0       0       0       0
Total ram usage:        6 bytes
 Hardware stack levels used:    1
 Hardware stack levels required when called:    2
 This function calls:
		i2_SPIGet
		i2_SPIPut
 This function is called by:
		_high_isr
 This function uses a non-reentrant model


 *************** function i2_SPIGet *****************
 Defined at:
		line 102 in file "C:/Users/tpeea/Documents/MPLABXProjects/Projet_Zigbee/firmware/src/system_config/8bitwdk_pic18f46j50_24j40/spi.c"
 Parameters:    Size  Location     Type
		None
 Auto vars:     Size  Location     Type
		None
 Return value:  Size  Location     Type
                  1    wreg      unsigned char 
 Registers used:
		wreg, status,2, cstack
 Tracked objects:
		On entry : 
		On exit  : 
		Unchanged: 
 Data sizes:     COMRAM   BANK0   BANK1   BANK2   BANK3   BANK4   BANK5   BANK6   BANK7   BANK8   BANK9  BANK10  BANK11  BANK12  BANK13  BANK14
      Params:         0       0       0       0       0       0       0       0       0       0       0       0       0       0       0       0
      Locals:         0       0       0       0       0       0       0       0       0       0       0       0       0       0       0       0
      Temps:          0       0       0       0       0       0       0       0       0       0       0       0       0       0       0       0
      Totals:         0       0       0       0       0       0       0       0       0       0       0       0       0       0       0       0
Total ram usage:        0 bytes
 Hardware stack levels used:    1
 Hardware stack levels required when called:    1
 This function calls:
		i2_SPIPut
 This function is called by:
		i2_PHYGetShortRAMAddr
		i2_PHYGetLongRAMAddr
 This function uses a non-reentrant model


 *************** function i2_SPIPut *****************
 Defined at:
		line 45 in file "C:/Users/tpeea/Documents/MPLABXProjects/Projet_Zigbee/firmware/src/system_config/8bitwdk_pic18f46j50_24j40/spi.c"
 Parameters:    Size  Location     Type
  v               1    wreg     unsigned char 
 Auto vars:     Size  Location     Type
  v               1    1[COMRAM] unsigned char 
  SPIPut          1    0[COMRAM] unsigned char 
 Return value:  Size  Location     Type
                  1    wreg      void 
 Registers used:
		wreg
 Tracked objects:
		On entry : 
		On exit  : 
		Unchanged: 
 Data sizes:     COMRAM   BANK0   BANK1   BANK2   BANK3   BANK4   BANK5   BANK6   BANK7   BANK8   BANK9  BANK10  BANK11  BANK12  BANK13  BANK14
      Params:         0       0       0       0       0       0       0       0       0       0       0       0       0       0       0       0
      Locals:         2       0       0       0       0       0       0       0       0       0       0       0       0       0       0       0
      Temps:          0       0       0       0       0       0       0       0       0       0       0       0       0       0       0       0
      Totals:         2       0       0       0       0       0       0       0       0       0       0       0       0       0       0       0
Total ram usage:        2 bytes
 Hardware stack levels used:    1
 This function calls:
		Nothing
 This function is called by:
		i2_PHYSetShortRAMAddr
		i2_PHYGetShortRAMAddr
		i2_PHYGetLongRAMAddr
		i2_SPIGet
 This function uses a non-reentrant model


 *************** function _UserInterruptHandler *****************
 Defined at:
		line 345 in file "C:/Users/tpeea/Documents/MPLABXProjects/Projet_Zigbee/firmware/src/system_config/8bitwdk_pic18f46j50_24j40/lcd.c"
 Parameters:    Size  Location     Type
		None
 Auto vars:     Size  Location     Type
		None
 Return value:  Size  Location     Type
                  1    wreg      void 
 Registers used:
		wreg, fsr2l, fsr2h, status,2, status,0, prodl, prodh, cstack
 Tracked objects:
		On entry : 
		On exit  : 
		Unchanged: 
 Data sizes:     COMRAM   BANK0   BANK1   BANK2   BANK3   BANK4   BANK5   BANK6   BANK7   BANK8   BANK9  BANK10  BANK11  BANK12  BANK13  BANK14
      Params:         0       0       0       0       0       0       0       0       0       0       0       0       0       0       0       0
      Locals:         0       0       0       0       0       0       0       0       0       0       0       0       0       0       0       0
      Temps:          0       0       0       0       0       0       0       0       0       0       0       0       0       0       0       0
      Totals:         0       0       0       0       0       0       0       0       0       0       0       0       0       0       0       0
Total ram usage:        0 bytes
 Hardware stack levels used:    1
 Hardware stack levels required when called:    3
 This function calls:
		_I2CTask
		i2_DELAY_ms
 This function is called by:
		_high_isr
 This function uses a non-reentrant model


 *************** function _I2CTask *****************
 Defined at:
		line 65 in file "C:/Users/tpeea/Documents/MPLABXProjects/Projet_Zigbee/firmware/src/system_config/8bitwdk_pic18f46j50_24j40/lcd.c"
 Parameters:    Size  Location     Type
		None
 Auto vars:     Size  Location     Type
		None
 Return value:  Size  Location     Type
                  1    wreg      void 
 Registers used:
		wreg, fsr2l, fsr2h, status,2, status,0, prodl, prodh, cstack
 Tracked objects:
		On entry : 
		On exit  : 
		Unchanged: 
 Data sizes:     COMRAM   BANK0   BANK1   BANK2   BANK3   BANK4   BANK5   BANK6   BANK7   BANK8   BANK9  BANK10  BANK11  BANK12  BANK13  BANK14
      Params:         0       0       0       0       0       0       0       0       0       0       0       0       0       0       0       0
      Locals:         0       0       0       0       0       0       0       0       0       0       0       0       0       0       0       0
      Temps:          0       0       0       0       0       0       0       0       0       0       0       0       0       0       0       0
      Totals:         0       0       0       0       0       0       0       0       0       0       0       0       0       0       0       0
Total ram usage:        0 bytes
 Hardware stack levels used:    1
 Hardware stack levels required when called:    2
 This function calls:
		i2_DELAY_ms
 This function is called by:
		_UserInterruptHandler
 This function uses a non-reentrant model


 *************** function i2_DELAY_ms *****************
 Defined at:
		line 108 in file "C:/Users/tpeea/Documents/MPLABXProjects/Projet_Zigbee/firmware/src/system_config/8bitwdk_pic18f46j50_24j40/delay.c"
 Parameters:    Size  Location     Type
  ms              2   12[COMRAM] unsigned int 
 Auto vars:     Size  Location     Type
  DELAY_ms        4   14[COMRAM] long 
 Return value:  Size  Location     Type
                  1    wreg      void 
 Registers used:
		wreg, status,2, status,0, cstack
 Tracked objects:
		On entry : 
		On exit  : 
		Unchanged: 
 Data sizes:     COMRAM   BANK0   BANK1   BANK2   BANK3   BANK4   BANK5   BANK6   BANK7   BANK8   BANK9  BANK10  BANK11  BANK12  BANK13  BANK14
      Params:         2       0       0       0       0       0       0       0       0       0       0       0       0       0       0       0
      Locals:         4       0       0       0       0       0       0       0       0       0       0       0       0       0       0       0
      Temps:          0       0       0       0       0       0       0       0       0       0       0       0       0       0       0       0
      Totals:         6       0       0       0       0       0       0       0       0       0       0       0       0       0       0       0
Total ram usage:        6 bytes
 Hardware stack levels used:    1
 Hardware stack levels required when called:    1
 This function calls:
		i2___lmul
 This function is called by:
		_I2CTask
		_UserInterruptHandler
 This function uses a non-reentrant model


 *************** function i2___lmul *****************
 Defined at:
		line 15 in file "C:\Program Files (x86)\Microchip\xc8\v1.45\sources\common\Umul32.c"
 Parameters:    Size  Location     Type
  multiplier      4    0[COMRAM] unsigned long 
  multiplicand    4    4[COMRAM] unsigned long 
 Auto vars:     Size  Location     Type
  __lmul          4    8[COMRAM] unsigned long 
 Return value:  Size  Location     Type
                  4    0[COMRAM] unsigned long 
 Registers used:
		wreg, status,2, status,0
 Tracked objects:
		On entry : 
		On exit  : 
		Unchanged: 
 Data sizes:     COMRAM   BANK0   BANK1   BANK2   BANK3   BANK4   BANK5   BANK6   BANK7   BANK8   BANK9  BANK10  BANK11  BANK12  BANK13  BANK14
      Params:         8       0       0       0       0       0       0       0       0       0       0       0       0       0       0       0
      Locals:         4       0       0       0       0       0       0       0       0       0       0       0       0       0       0       0
      Temps:          0       0       0       0       0       0       0       0       0       0       0       0       0       0       0       0
      Totals:        12       0       0       0       0       0       0       0       0       0       0       0       0       0       0       0
Total ram usage:       12 bytes
 Hardware stack levels used:    1
 This function calls:
		Nothing
 This function is called by:
		i2_DELAY_ms
 This function uses a non-reentrant model



MODULE INFORMATION

Module		Function		Class		Link	Load	Size
C:/Users/tpeea/Documents/MPLABXProjects/Projet_Zigbee/firmware/src/main.c
		_main          		CODE           	4148	0000	211

C:/Users/tpeea/Documents/MPLABXProjects/Projet_Zigbee/firmware/src/main.c estimated size: 211

C:/Users/tpeea/Documents/MPLABXProjects/MLA/framework/miwi/src/miwi_mesh.c
		_UnicastShortAddress		CODE           	470C	0000	137
		_MiApp_EstablishConnection		CODE           	355C	0000	901
		_MiApp_ProtocolInit		CODE           	3F42	0000	297
		_MiApp_UnicastAddress		CODE           	2DB8	0000	987
		_MiApp_StartConnection		CODE           	4908	0000	119
		_SendMACPacket 		CODE           	443C	0000	151
		_SendBeacon    		CODE           	421A	0000	191
		_SearchForLongAddress		CODE           	438C	0000	177
		_findNextNetworkEntry		CODE           	4CCE	0000	61
		_SearchForShortAddress		CODE           	4794	0000	131
		_OpenSocket    		CODE           	3B3A	0000	595
		_RouteMessage  		CODE           	2962	0000	1111
		_MiApp_SetChannel		CODE           	4E32	0000	29
		_MiWiTasks     		CODE           	0FF4	0000	4845
		_MiApp_DiscardMessage		CODE           	4F32	0000	9
		_BroadcastJitter		CODE           	44D2	0000	149
		_MiApp_MessageAvailable		CODE           	4EF6	0000	17
		_MiApp_SearchConnection		CODE           	3D8C	0000	439
		_AddNodeToNetworkTable		CODE           	406A	0000	223
		_MiApp_ConnectionMode		CODE           	4D9A	0000	43

C:/Users/tpeea/Documents/MPLABXProjects/MLA/framework/miwi/src/miwi_mesh.c estimated size: 10612

C:/Users/tpeea/Documents/MPLABXProjects/MLA/framework/driver/mrf_miwi/src/drv_mrf_miwi_24j40.c
		_PHYGetLongRAMAddr		CODE           	49E2	0000	91
		_PHYSetLongRAMAddr		CODE           	4A3C	0000	91
		_PHYGetShortRAMAddr		CODE           	4D0A	0000	51
		_PHYSetShortRAMAddr		CODE           	4D3C	0000	49
		_InitMRF24J40  		CODE           	38E0	0000	603
		_MiMAC_ReceivedPacket		CODE           	22E0	0000	1667
		_MiMAC_DiscardPacket		CODE           	4E6A	0000	29
		_high_isr      		CODE           	0008	0000	523
		_MiMAC_SetChannel		CODE           	4C3E	0000	77
		_MiMAC_Init    		CODE           	4C8A	0000	69
		_MiMAC_SendPacket		CODE           	3192	0000	971
		_MiMAC_SetAltAddress		CODE           	497E	0000	101

C:/Users/tpeea/Documents/MPLABXProjects/MLA/framework/driver/mrf_miwi/src/drv_mrf_miwi_24j40.c estimated size: 4322

C:/Users/tpeea/Documents/MPLABXProjects/Projet_Zigbee/firmware/src/system_config/8bitwdk_pic18f46j50_24j40/spi.c
		_SPIGet        		CODE           	4F14	0000	11
		_SPIPut        		CODE           	4E4E	0000	29

C:/Users/tpeea/Documents/MPLABXProjects/Projet_Zigbee/firmware/src/system_config/8bitwdk_pic18f46j50_24j40/spi.c estimated size: 40

C:/Users/tpeea/Documents/MPLABXProjects/Projet_Zigbee/firmware/src/system_config/8bitwdk_pic18f46j50_24j40/delay.c
		_DELAY_ms      		CODE           	4566	0000	147

C:/Users/tpeea/Documents/MPLABXProjects/Projet_Zigbee/firmware/src/system_config/8bitwdk_pic18f46j50_24j40/delay.c estimated size: 147

C:\Program Files (x86)\Microchip\xc8\v1.45\sources\common\Umul32.c
		___lmul        		CODE           	4AF0	0000	89

C:\Program Files (x86)\Microchip\xc8\v1.45\sources\common\Umul32.c estimated size: 89

C:/Users/tpeea/Documents/MPLABXProjects/Projet_Zigbee/firmware/src/system_config/8bitwdk_pic18f46j50_24j40/symbol.c
		_InitSymbolTimer		CODE           	4ED0	0000	23
		_MiWi_TickGet  		CODE           	4A96	0000	91

C:/Users/tpeea/Documents/MPLABXProjects/Projet_Zigbee/firmware/src/system_config/8bitwdk_pic18f46j50_24j40/symbol.c estimated size: 114

C:/Users/tpeea/Documents/MPLABXProjects/Projet_Zigbee/firmware/src/VT100.c
		_uartInitialize		CODE           	4EA0	0000	25
		_ResetScreen   		CODE           	4EE6	0000	17
		__uartPrint    		CODE           	4BF0	0000	79
		_uartWrite     		CODE           	4F06	0000	15

C:/Users/tpeea/Documents/MPLABXProjects/Projet_Zigbee/firmware/src/VT100.c estimated size: 136

C:/Users/tpeea/Documents/MPLABXProjects/Projet_Zigbee/firmware/src/system_config/8bitwdk_pic18f46j50_24j40/lcd.c
		_LCD_Initialize		CODE           	4816	0000	125
		_UserInterruptHandler		CODE           	4EB8	0000	25
		_I2CWrite      		CODE           	4E16	0000	29
		_I2CTask       		CODE           	42D8	0000	181

C:/Users/tpeea/Documents/MPLABXProjects/Projet_Zigbee/firmware/src/system_config/8bitwdk_pic18f46j50_24j40/lcd.c estimated size: 360

shared
		i2_DELAY_ms    		CODE           	45F8	0000	141
		_dpowers       		SMALLCONST     	0F49	0000	11
		_ScanTime      		SMALLCONST     	0F01	0000	61
		i2_PHYGetShortRAMAddr		CODE           	4DC4	0000	43
		i2_PHYGetLongRAMAddr		CODE           	4B9E	0000	83
		i2_PHYSetShortRAMAddr		CODE           	4DEE	0000	41
		__initialization		CODE           	4892	0000	105
		i2___lmul      		CODE           	4B48	0000	87
		_octpowers     		SMALLCONST     	0F3D	0000	13
		i2_SPIGet      		CODE           	4F1E	0000	11
		_hexpowers     		SMALLCONST     	0F53	0000	9
		i2_SPIPut      		CODE           	4E86	0000	27

shared estimated size: 632

C:\Program Files (x86)\Microchip\xc8\v1.45\sources\common\lbmod.c
		___lbmod       		CODE           	4D6C	0000	47

C:\Program Files (x86)\Microchip\xc8\v1.45\sources\common\lbmod.c estimated size: 47

C:/Users/tpeea/Documents/MPLABXProjects/Projet_Zigbee/firmware/src/system_config/8bitwdk_pic18f46j50_24j40/system.c
		_SYSTEM_Initialize		CODE           	4684	0000	137

C:/Users/tpeea/Documents/MPLABXProjects/Projet_Zigbee/firmware/src/system_config/8bitwdk_pic18f46j50_24j40/system.c estimated size: 137

